2026-05-14 10:25:44,539 INFO [PUSH-SUCC] 63ms, all delay time 592ms for subscriber 192.168.189.1, Service{namespace='public', group='DEFAULT_GROUP', name='poti-gateway', ephemeral=true, revision=0}, originalSize=0, DataSize=0

2026-05-14 10:25:48,220 INFO [PUSH-SUCC] 38ms, all delay time 592ms, SLA 592ms, Service{namespace='public', group='DEFAULT_GROUP', name='poti-gateway', ephemeral=true, revision=1}, originalSize=1, DataSize=1, target=192.168.189.1

2026-05-14 10:26:58,464 INFO [PUSH] Task merge for Service{namespace='public', group='DEFAULT_GROUP', name='poti-admin', ephemeral=true, revision=1}

2026-05-14 10:26:58,985 INFO [PUSH-SUCC] 62ms, all delay time 612ms, SLA 521ms, Service{namespace='public', group='DEFAULT_GROUP', name='poti-admin', ephemeral=true, revision=1}, originalSize=1, DataSize=1, target=192.168.189.1

2026-05-14 10:27:10,603 INFO [PUSH-SUCC] 54ms, all delay time 609ms for subscriber 192.168.189.1, Service{namespace='public', group='DEFAULT_GROUP', name='poti-monitor', ephemeral=true, revision=0}, originalSize=0, DataSize=0

2026-05-14 10:27:10,663 INFO [PUSH-SUCC] 13ms, all delay time 534ms for subscriber 192.168.189.1, Service{namespace='public', group='DEFAULT_GROUP', name='poti-gateway', ephemeral=true, revision=1}, originalSize=1, DataSize=1

2026-05-14 10:27:11,164 INFO [PUSH-SUCC] 14ms, all delay time 518ms for subscriber 192.168.189.1, Service{namespace='public', group='DEFAULT_GROUP', name='poti-admin', ephemeral=true, revision=1}, originalSize=1, DataSize=1

2026-05-14 10:27:12,274 INFO [PUSH-SUCC] 21ms, all delay time 591ms, SLA 591ms, Service{namespace='public', group='DEFAULT_GROUP', name='poti-monitor', ephemeral=true, revision=1}, originalSize=1, DataSize=1, target=192.168.189.1

2026-05-14 10:27:14,773 INFO [PUSH-SUCC] 18ms, all delay time 536ms for subscriber 192.168.189.1, Service{namespace='public', group='DEFAULT_GROUP', name='poti-admin', ephemeral=true, revision=1}, originalSize=1, DataSize=1

2026-05-14 10:27:14,783 INFO [PUSH-SUCC] 27ms, all delay time 550ms for subscriber 192.168.189.1, Service{namespace='public', group='DEFAULT_GROUP', name='poti-monitor', ephemeral=true, revision=1}, originalSize=1, DataSize=1

2026-05-14 10:28:28,706 INFO [PUSH] Task merge for Service{namespace='public', group='DEFAULT_GROUP', name='poti-interview', ephemeral=true, revision=1}

2026-05-14 10:28:29,259 INFO [PUSH-SUCC] 32ms, all delay time 616ms, SLA 553ms, Service{namespace='public', group='DEFAULT_GROUP', name='poti-interview', ephemeral=true, revision=1}, originalSize=1, DataSize=1, target=192.168.189.1

2026-05-14 10:28:41,278 INFO [PUSH-SUCC] 22ms, all delay time 531ms for subscriber 192.168.189.1, Service{namespace='public', group='DEFAULT_GROUP', name='poti-interview', ephemeral=true, revision=1}, originalSize=1, DataSize=1

2026-05-14 10:28:44,874 INFO [PUSH-SUCC] 12ms, all delay time 573ms for subscriber 192.168.189.1, Service{namespace='public', group='DEFAULT_GROUP', name='poti-interview', ephemeral=true, revision=1}, originalSize=1, DataSize=1

2026-05-14 10:28:54,001 INFO [PUSH] Task merge for Service{namespace='public', group='DEFAULT_GROUP', name='poti-favorite', ephemeral=true, revision=1}

2026-05-14 10:28:54,389 INFO [PUSH-SUCC] 55ms, all delay time 601ms, SLA 389ms, Service{namespace='public', group='DEFAULT_GROUP', name='poti-favorite', ephemeral=true, revision=1}, originalSize=1, DataSize=1, target=192.168.189.1

2026-05-14 10:29:11,403 INFO [PUSH-SUCC] 35ms, all delay time 591ms for subscriber 192.168.189.1, Service{namespace='public', group='DEFAULT_GROUP', name='poti-favorite', ephemeral=true, revision=1}, originalSize=1, DataSize=1

2026-05-14 10:29:14,878 INFO [PUSH-SUCC] 6ms, all delay time 581ms for subscriber 192.168.189.1, Service{namespace='public', group='DEFAULT_GROUP', name='poti-favorite', ephemeral=true, revision=1}, originalSize=1, DataSize=1

2026-05-14 10:29:21,788 INFO [PUSH] Task merge for Service{namespace='public', group='DEFAULT_GROUP', name='poti-auth', ephemeral=true, revision=1}

2026-05-14 10:29:22,323 INFO [PUSH-SUCC] 38ms, all delay time 625ms, SLA 535ms, Service{namespace='public', group='DEFAULT_GROUP', name='poti-auth', ephemeral=true, revision=1}, originalSize=1, DataSize=1, target=192.168.189.1

2026-05-14 10:29:41,444 INFO [PUSH-SUCC] 21ms, all delay time 553ms for subscriber 192.168.189.1, Service{namespace='public', group='DEFAULT_GROUP', name='poti-auth', ephemeral=true, revision=1}, originalSize=1, DataSize=1

2026-05-14 10:29:44,946 INFO [PUSH-SUCC] 19ms, all delay time 618ms for subscriber 192.168.189.1, Service{namespace='public', group='DEFAULT_GROUP', name='poti-auth', ephemeral=true, revision=1}, originalSize=1, DataSize=1

2026-05-14 10:30:18,363 INFO [PUSH] Task merge for Service{namespace='public', group='DEFAULT_GROUP', name='poti-user', ephemeral=true, revision=1}

2026-05-14 10:30:18,964 INFO [PUSH-SUCC] 68ms, all delay time 668ms, SLA 601ms, Service{namespace='public', group='DEFAULT_GROUP', name='poti-user', ephemeral=true, revision=1}, originalSize=1, DataSize=1, target=192.168.189.1

2026-05-14 10:30:38,759 INFO [PUSH] Task merge for Service{namespace='public', group='DEFAULT_GROUP', name='poti-wrongbook', ephemeral=true, revision=1}

2026-05-14 10:30:39,299 INFO [PUSH-SUCC] 61ms, all delay time 643ms, SLA 540ms, Service{namespace='public', group='DEFAULT_GROUP', name='poti-wrongbook', ephemeral=true, revision=1}, originalSize=1, DataSize=1, target=192.168.189.1

2026-05-14 10:30:41,557 INFO [PUSH-SUCC] 13ms, all delay time 552ms for subscriber 192.168.189.1, Service{namespace='public', group='DEFAULT_GROUP', name='poti-wrongbook', ephemeral=true, revision=1}, originalSize=1, DataSize=1

2026-05-14 10:30:41,562 INFO [PUSH-SUCC] 18ms, all delay time 589ms for subscriber 192.168.189.1, Service{namespace='public', group='DEFAULT_GROUP', name='poti-user', ephemeral=true, revision=1}, originalSize=1, DataSize=1

2026-05-14 10:30:44,868 INFO [PUSH-SUCC] 18ms, all delay time 522ms for subscriber 192.168.189.1, Service{namespace='public', group='DEFAULT_GROUP', name='poti-wrongbook', ephemeral=true, revision=1}, originalSize=1, DataSize=1

2026-05-14 10:30:44,872 INFO [PUSH-SUCC] 21ms, all delay time 533ms for subscriber 192.168.189.1, Service{namespace='public', group='DEFAULT_GROUP', name='poti-user', ephemeral=true, revision=1}, originalSize=1, DataSize=1

2026-05-14 10:31:09,469 INFO [PUSH] Task merge for Service{namespace='public', group='DEFAULT_GROUP', name='poti-search', ephemeral=true, revision=1}

2026-05-14 10:31:09,937 INFO [PUSH-SUCC] 32ms, all delay time 620ms, SLA 468ms, Service{namespace='public', group='DEFAULT_GROUP', name='poti-search', ephemeral=true, revision=1}, originalSize=1, DataSize=1, target=192.168.189.1

2026-05-14 10:31:11,622 INFO [PUSH-SUCC] 14ms, all delay time 564ms for subscriber 192.168.189.1, Service{namespace='public', group='DEFAULT_GROUP', name='poti-search', ephemeral=true, revision=1}, originalSize=1, DataSize=1

2026-05-14 10:31:14,917 INFO [PUSH-SUCC] 6ms, all delay time 557ms for subscriber 192.168.189.1, Service{namespace='public', group='DEFAULT_GROUP', name='poti-search', ephemeral=true, revision=1}, originalSize=1, DataSize=1

2026-05-14 10:32:25,769 INFO [PUSH] Task merge for Service{namespace='public', group='DEFAULT_GROUP', name='poti-practice', ephemeral=true, revision=1}

2026-05-14 10:32:26,168 INFO [PUSH-SUCC] 106ms, all delay time 643ms, SLA 399ms, Service{namespace='public', group='DEFAULT_GROUP', name='poti-practice', ephemeral=true, revision=1}, originalSize=1, DataSize=1, target=192.168.189.1

2026-05-14 10:32:41,718 INFO [PUSH-SUCC] 18ms, all delay time 559ms for subscriber 192.168.189.1, Service{namespace='public', group='DEFAULT_GROUP', name='poti-practice', ephemeral=true, revision=1}, originalSize=1, DataSize=1

2026-05-14 10:32:45,185 INFO [PUSH-SUCC] 179ms, all delay time 717ms for subscriber 192.168.189.1, Service{namespace='public', group='DEFAULT_GROUP', name='poti-practice', ephemeral=true, revision=1}, originalSize=1, DataSize=1

2026-05-14 10:32:51,911 INFO [PUSH] Task merge for Service{namespace='public', group='DEFAULT_GROUP', name='poti-question', ephemeral=true, revision=1}

2026-05-14 10:32:52,426 INFO [PUSH-SUCC] 103ms, all delay time 642ms, SLA 516ms, Service{namespace='public', group='DEFAULT_GROUP', name='poti-question', ephemeral=true, revision=1}, originalSize=1, DataSize=1, target=192.168.189.1

2026-05-14 10:33:11,773 INFO [PUSH-SUCC] 6ms, all delay time 580ms for subscriber 192.168.189.1, Service{namespace='public', group='DEFAULT_GROUP', name='poti-question', ephemeral=true, revision=1}, originalSize=1, DataSize=1

2026-05-14 10:33:14,978 INFO [PUSH-SUCC] 6ms, all delay time 578ms for subscriber 192.168.189.1, Service{namespace='public', group='DEFAULT_GROUP', name='poti-question', ephemeral=true, revision=1}, originalSize=1, DataSize=1

2026-05-14 10:36:00,782 INFO [PUSH-SUCC] 30ms, all delay time 596ms for subscriber 192.168.189.1, Service{namespace='public', group='DEFAULT_GROUP', name='poti-practice', ephemeral=true, revision=1}, originalSize=1, DataSize=1

2026-05-14 10:36:03,164 INFO [PUSH-SUCC] 7ms, all delay time 556ms for subscriber 192.168.189.1, Service{namespace='public', group='DEFAULT_GROUP', name='poti-favorite', ephemeral=true, revision=1}, originalSize=1, DataSize=1

2026-05-14 10:36:05,030 INFO [PUSH-SUCC] 68ms, all delay time 643ms for subscriber 192.168.189.1, Service{namespace='public', group='DEFAULT_GROUP', name='poti-wrongbook', ephemeral=true, revision=1}, originalSize=1, DataSize=1

2026-05-14 12:20:42,957 ERROR [PUSH-FAIL] 12ms, Service{namespace='public', group='DEFAULT_GROUP', name='poti-gateway', ephemeral=true, revision=2}, reason=Stream is already completed, no further calls are allowed, target=192.168.189.1

2026-05-14 12:20:42,972 ERROR Reason detail: 

java.lang.IllegalStateException: Stream is already completed, no further calls are allowed
	at com.google.common.base.Preconditions.checkState(Preconditions.java:508)
	at io.grpc.stub.ServerCalls$ServerCallStreamObserverImpl.onNext(ServerCalls.java:346)
	at com.alibaba.nacos.core.remote.grpc.GrpcConnection.sendRequestNoAck(GrpcConnection.java:62)
	at com.alibaba.nacos.core.remote.grpc.GrpcConnection.sendRequestInner(GrpcConnection.java:94)
	at com.alibaba.nacos.core.remote.grpc.GrpcConnection.asyncRequest(GrpcConnection.java:117)
	at com.alibaba.nacos.core.remote.RpcPushService.pushWithCallback(RpcPushService.java:55)
	at com.alibaba.nacos.naming.push.v2.executor.PushExecutorRpcImpl.doPushWithCallback(PushExecutorRpcImpl.java:54)
	at com.alibaba.nacos.naming.push.v2.executor.PushExecutorDelegate.doPushWithCallback(PushExecutorDelegate.java:53)
	at com.alibaba.nacos.naming.push.v2.task.PushExecuteTask.run(PushExecuteTask.java:68)
	at com.alibaba.nacos.common.task.engine.TaskExecuteWorker$InnerWorker.run(TaskExecuteWorker.java:120)
2026-05-14 12:20:43,555 INFO [PUSH-SUCC] 580ms, all delay time 1130ms, SLA 1133ms, Service{namespace='public', group='DEFAULT_GROUP', name='poti-gateway', ephemeral=true, revision=2}, originalSize=0, DataSize=0, target=192.168.189.1

2026-05-14 12:20:44,043 ERROR [PUSH-FAIL] 3ms, Service{namespace='public', group='DEFAULT_GROUP', name='poti-gateway', ephemeral=true, revision=2}, reason=Stream is already completed, no further calls are allowed, target=192.168.189.1

2026-05-14 12:20:44,046 ERROR Reason detail: 

java.lang.IllegalStateException: Stream is already completed, no further calls are allowed
	at com.google.common.base.Preconditions.checkState(Preconditions.java:508)
	at io.grpc.stub.ServerCalls$ServerCallStreamObserverImpl.onNext(ServerCalls.java:346)
	at com.alibaba.nacos.core.remote.grpc.GrpcConnection.sendRequestNoAck(GrpcConnection.java:62)
	at com.alibaba.nacos.core.remote.grpc.GrpcConnection.sendRequestInner(GrpcConnection.java:94)
	at com.alibaba.nacos.core.remote.grpc.GrpcConnection.asyncRequest(GrpcConnection.java:117)
	at com.alibaba.nacos.core.remote.RpcPushService.pushWithCallback(RpcPushService.java:55)
	at com.alibaba.nacos.naming.push.v2.executor.PushExecutorRpcImpl.doPushWithCallback(PushExecutorRpcImpl.java:54)
	at com.alibaba.nacos.naming.push.v2.executor.PushExecutorDelegate.doPushWithCallback(PushExecutorDelegate.java:53)
	at com.alibaba.nacos.naming.push.v2.task.PushExecuteTask.run(PushExecuteTask.java:68)
	at com.alibaba.nacos.common.task.engine.TaskExecuteWorker$InnerWorker.run(TaskExecuteWorker.java:120)
2026-05-14 12:20:45,152 ERROR [PUSH-FAIL] 3ms, Service{namespace='public', group='DEFAULT_GROUP', name='poti-wrongbook', ephemeral=true, revision=2}, reason=Stream is already completed, no further calls are allowed, target=192.168.189.1

2026-05-14 12:20:45,156 ERROR Reason detail: 

java.lang.IllegalStateException: Stream is already completed, no further calls are allowed
	at com.google.common.base.Preconditions.checkState(Preconditions.java:508)
	at io.grpc.stub.ServerCalls$ServerCallStreamObserverImpl.onNext(ServerCalls.java:346)
	at com.alibaba.nacos.core.remote.grpc.GrpcConnection.sendRequestNoAck(GrpcConnection.java:62)
	at com.alibaba.nacos.core.remote.grpc.GrpcConnection.sendRequestInner(GrpcConnection.java:94)
	at com.alibaba.nacos.core.remote.grpc.GrpcConnection.asyncRequest(GrpcConnection.java:117)
	at com.alibaba.nacos.core.remote.RpcPushService.pushWithCallback(RpcPushService.java:55)
	at com.alibaba.nacos.naming.push.v2.executor.PushExecutorRpcImpl.doPushWithCallback(PushExecutorRpcImpl.java:54)
	at com.alibaba.nacos.naming.push.v2.executor.PushExecutorDelegate.doPushWithCallback(PushExecutorDelegate.java:53)
	at com.alibaba.nacos.naming.push.v2.task.PushExecuteTask.run(PushExecuteTask.java:68)
	at com.alibaba.nacos.common.task.engine.TaskExecuteWorker$InnerWorker.run(TaskExecuteWorker.java:120)
2026-05-14 12:20:45,161 ERROR [PUSH-FAIL] 4ms, Service{namespace='public', group='DEFAULT_GROUP', name='poti-favorite', ephemeral=true, revision=2}, reason=Stream is already completed, no further calls are allowed, target=192.168.189.1

2026-05-14 12:20:45,164 ERROR Reason detail: 

java.lang.IllegalStateException: Stream is already completed, no further calls are allowed
	at com.google.common.base.Preconditions.checkState(Preconditions.java:508)
	at io.grpc.stub.ServerCalls$ServerCallStreamObserverImpl.onNext(ServerCalls.java:346)
	at com.alibaba.nacos.core.remote.grpc.GrpcConnection.sendRequestNoAck(GrpcConnection.java:62)
	at com.alibaba.nacos.core.remote.grpc.GrpcConnection.sendRequestInner(GrpcConnection.java:94)
	at com.alibaba.nacos.core.remote.grpc.GrpcConnection.asyncRequest(GrpcConnection.java:117)
	at com.alibaba.nacos.core.remote.RpcPushService.pushWithCallback(RpcPushService.java:55)
	at com.alibaba.nacos.naming.push.v2.executor.PushExecutorRpcImpl.doPushWithCallback(PushExecutorRpcImpl.java:54)
	at com.alibaba.nacos.naming.push.v2.executor.PushExecutorDelegate.doPushWithCallback(PushExecutorDelegate.java:53)
	at com.alibaba.nacos.naming.push.v2.task.PushExecuteTask.run(PushExecuteTask.java:68)
	at com.alibaba.nacos.common.task.engine.TaskExecuteWorker$InnerWorker.run(TaskExecuteWorker.java:120)
2026-05-14 12:20:45,165 ERROR [PUSH-FAIL] 2ms, Service{namespace='public', group='DEFAULT_GROUP', name='poti-practice', ephemeral=true, revision=2}, reason=Stream is already completed, no further calls are allowed, target=192.168.189.1

2026-05-14 12:20:45,167 ERROR Reason detail: 

java.lang.IllegalStateException: Stream is already completed, no further calls are allowed
	at com.google.common.base.Preconditions.checkState(Preconditions.java:508)
	at io.grpc.stub.ServerCalls$ServerCallStreamObserverImpl.onNext(ServerCalls.java:346)
	at com.alibaba.nacos.core.remote.grpc.GrpcConnection.sendRequestNoAck(GrpcConnection.java:62)
	at com.alibaba.nacos.core.remote.grpc.GrpcConnection.sendRequestInner(GrpcConnection.java:94)
	at com.alibaba.nacos.core.remote.grpc.GrpcConnection.asyncRequest(GrpcConnection.java:117)
	at com.alibaba.nacos.core.remote.RpcPushService.pushWithCallback(RpcPushService.java:55)
	at com.alibaba.nacos.naming.push.v2.executor.PushExecutorRpcImpl.doPushWithCallback(PushExecutorRpcImpl.java:54)
	at com.alibaba.nacos.naming.push.v2.executor.PushExecutorDelegate.doPushWithCallback(PushExecutorDelegate.java:53)
	at com.alibaba.nacos.naming.push.v2.task.PushExecuteTask.run(PushExecuteTask.java:68)
	at com.alibaba.nacos.common.task.engine.TaskExecuteWorker$InnerWorker.run(TaskExecuteWorker.java:120)
2026-05-14 12:20:45,171 ERROR [PUSH-FAIL] 2ms, Service{namespace='public', group='DEFAULT_GROUP', name='poti-practice', ephemeral=true, revision=2}, reason=Stream is already completed, no further calls are allowed, target=192.168.189.1

2026-05-14 12:20:45,175 ERROR Reason detail: 

java.lang.IllegalStateException: Stream is already completed, no further calls are allowed
	at com.google.common.base.Preconditions.checkState(Preconditions.java:508)
	at io.grpc.stub.ServerCalls$ServerCallStreamObserverImpl.onNext(ServerCalls.java:346)
	at com.alibaba.nacos.core.remote.grpc.GrpcConnection.sendRequestNoAck(GrpcConnection.java:62)
	at com.alibaba.nacos.core.remote.grpc.GrpcConnection.sendRequestInner(GrpcConnection.java:94)
	at com.alibaba.nacos.core.remote.grpc.GrpcConnection.asyncRequest(GrpcConnection.java:117)
	at com.alibaba.nacos.core.remote.RpcPushService.pushWithCallback(RpcPushService.java:55)
	at com.alibaba.nacos.naming.push.v2.executor.PushExecutorRpcImpl.doPushWithCallback(PushExecutorRpcImpl.java:54)
	at com.alibaba.nacos.naming.push.v2.executor.PushExecutorDelegate.doPushWithCallback(PushExecutorDelegate.java:53)
	at com.alibaba.nacos.naming.push.v2.task.PushExecuteTask.run(PushExecuteTask.java:68)
	at com.alibaba.nacos.common.task.engine.TaskExecuteWorker$InnerWorker.run(TaskExecuteWorker.java:120)
2026-05-14 12:20:45,176 INFO [PUSH] Task merge for Service{namespace='public', group='DEFAULT_GROUP', name='poti-practice', ephemeral=true, revision=2}

2026-05-14 12:20:45,179 ERROR [PUSH-FAIL] 2ms, Service{namespace='public', group='DEFAULT_GROUP', name='poti-user', ephemeral=true, revision=2}, reason=Stream is already completed, no further calls are allowed, target=192.168.189.1

2026-05-14 12:20:45,180 ERROR Reason detail: 

java.lang.IllegalStateException: Stream is already completed, no further calls are allowed
	at com.google.common.base.Preconditions.checkState(Preconditions.java:508)
	at io.grpc.stub.ServerCalls$ServerCallStreamObserverImpl.onNext(ServerCalls.java:346)
	at com.alibaba.nacos.core.remote.grpc.GrpcConnection.sendRequestNoAck(GrpcConnection.java:62)
	at com.alibaba.nacos.core.remote.grpc.GrpcConnection.sendRequestInner(GrpcConnection.java:94)
	at com.alibaba.nacos.core.remote.grpc.GrpcConnection.asyncRequest(GrpcConnection.java:117)
	at com.alibaba.nacos.core.remote.RpcPushService.pushWithCallback(RpcPushService.java:55)
	at com.alibaba.nacos.naming.push.v2.executor.PushExecutorRpcImpl.doPushWithCallback(PushExecutorRpcImpl.java:54)
	at com.alibaba.nacos.naming.push.v2.executor.PushExecutorDelegate.doPushWithCallback(PushExecutorDelegate.java:53)
	at com.alibaba.nacos.naming.push.v2.task.PushExecuteTask.run(PushExecuteTask.java:68)
	at com.alibaba.nacos.common.task.engine.TaskExecuteWorker$InnerWorker.run(TaskExecuteWorker.java:120)
2026-05-14 12:20:45,460 INFO [PUSH-SUCC] 311ms, all delay time 850ms, SLA 850ms, Service{namespace='public', group='DEFAULT_GROUP', name='poti-wrongbook', ephemeral=true, revision=2}, originalSize=0, DataSize=0, target=192.168.189.1

2026-05-14 12:20:46,498 INFO [PUSH-SUCC] 1343ms, all delay time 1888ms, SLA 1888ms, Service{namespace='public', group='DEFAULT_GROUP', name='poti-interview', ephemeral=true, revision=2}, originalSize=0, DataSize=0, target=192.168.189.1

2026-05-14 12:20:47,185 INFO [PUSH-SUCC] 2030ms, all delay time 2575ms, SLA 2575ms, Service{namespace='public', group='DEFAULT_GROUP', name='poti-question', ephemeral=true, revision=2}, originalSize=0, DataSize=0, target=192.168.189.1

2026-05-14 12:20:47,299 INFO [PUSH-SUCC] 2143ms, all delay time 2689ms, SLA 2689ms, Service{namespace='public', group='DEFAULT_GROUP', name='poti-auth', ephemeral=true, revision=2}, originalSize=0, DataSize=0, target=192.168.189.1

2026-05-14 12:20:47,470 INFO [PUSH-SUCC] 2314ms, all delay time 2884ms, SLA 2884ms, Service{namespace='public', group='DEFAULT_GROUP', name='poti-admin', ephemeral=true, revision=2}, originalSize=0, DataSize=0, target=192.168.189.1

2026-05-14 12:20:47,544 INFO [PUSH-SUCC] 2388ms, all delay time 2989ms, SLA 2989ms, Service{namespace='public', group='DEFAULT_GROUP', name='poti-favorite', ephemeral=true, revision=2}, originalSize=0, DataSize=0, target=192.168.189.1

2026-05-14 12:20:47,643 INFO [PUSH-SUCC] 2487ms, all delay time 3057ms, SLA 3057ms, Service{namespace='public', group='DEFAULT_GROUP', name='poti-search', ephemeral=true, revision=2}, originalSize=0, DataSize=0, target=192.168.189.1

2026-05-14 12:20:47,850 INFO [PUSH-SUCC] 2692ms, all delay time 3240ms, SLA 3240ms, Service{namespace='public', group='DEFAULT_GROUP', name='poti-practice', ephemeral=true, revision=2}, originalSize=0, DataSize=0, target=192.168.189.1

2026-05-14 12:20:47,946 ERROR [PUSH-FAIL] 5001ms, Service{namespace='public', group='DEFAULT_GROUP', name='poti-gateway', ephemeral=true, revision=2}, reason=Timeout After 5000 milliseconds,requestId =37, target=192.168.189.1

2026-05-14 12:20:47,949 ERROR Reason detail: 

java.util.concurrent.TimeoutException: Timeout After 5000 milliseconds,requestId =37
	at com.alibaba.nacos.api.remote.DefaultRequestFuture$TimeoutHandler.run(DefaultRequestFuture.java:194)
	at java.util.concurrent.Executors$RunnableAdapter.call(Executors.java:511)
	at java.util.concurrent.FutureTask.run(FutureTask.java:266)
	at java.util.concurrent.ScheduledThreadPoolExecutor$ScheduledFutureTask.access$201(ScheduledThreadPoolExecutor.java:180)
	at java.util.concurrent.ScheduledThreadPoolExecutor$ScheduledFutureTask.run(ScheduledThreadPoolExecutor.java:293)
	at java.util.concurrent.ThreadPoolExecutor.runWorker(ThreadPoolExecutor.java:1149)
	at java.util.concurrent.ThreadPoolExecutor$Worker.run(ThreadPoolExecutor.java:624)
	at java.lang.Thread.run(Thread.java:750)
2026-05-14 12:20:48,026 INFO [PUSH-SUCC] 2844ms, all delay time 3416ms, SLA 3416ms, Service{namespace='public', group='DEFAULT_GROUP', name='poti-user', ephemeral=true, revision=2}, originalSize=0, DataSize=0, target=192.168.189.1

2026-05-14 12:20:48,867 ERROR [PUSH-FAIL] 3ms, Service{namespace='public', group='DEFAULT_GROUP', name='poti-monitor', ephemeral=true, revision=2}, reason=Stream is already completed, no further calls are allowed, target=192.168.189.1

2026-05-14 12:20:48,869 ERROR Reason detail: 

java.lang.IllegalStateException: Stream is already completed, no further calls are allowed
	at com.google.common.base.Preconditions.checkState(Preconditions.java:508)
	at io.grpc.stub.ServerCalls$ServerCallStreamObserverImpl.onNext(ServerCalls.java:346)
	at com.alibaba.nacos.core.remote.grpc.GrpcConnection.sendRequestNoAck(GrpcConnection.java:62)
	at com.alibaba.nacos.core.remote.grpc.GrpcConnection.sendRequestInner(GrpcConnection.java:94)
	at com.alibaba.nacos.core.remote.grpc.GrpcConnection.asyncRequest(GrpcConnection.java:117)
	at com.alibaba.nacos.core.remote.RpcPushService.pushWithCallback(RpcPushService.java:55)
	at com.alibaba.nacos.naming.push.v2.executor.PushExecutorRpcImpl.doPushWithCallback(PushExecutorRpcImpl.java:54)
	at com.alibaba.nacos.naming.push.v2.executor.PushExecutorDelegate.doPushWithCallback(PushExecutorDelegate.java:53)
	at com.alibaba.nacos.naming.push.v2.task.PushExecuteTask.run(PushExecuteTask.java:68)
	at com.alibaba.nacos.common.task.engine.TaskExecuteWorker$InnerWorker.run(TaskExecuteWorker.java:120)
2026-05-14 12:20:49,041 ERROR [PUSH-FAIL] 5001ms, Service{namespace='public', group='DEFAULT_GROUP', name='poti-gateway', ephemeral=true, revision=2}, reason=Timeout After 5000 milliseconds,requestId =39, target=192.168.189.1

2026-05-14 12:20:49,043 ERROR Reason detail: 

java.util.concurrent.TimeoutException: Timeout After 5000 milliseconds,requestId =39
	at com.alibaba.nacos.api.remote.DefaultRequestFuture$TimeoutHandler.run(DefaultRequestFuture.java:194)
	at java.util.concurrent.Executors$RunnableAdapter.call(Executors.java:511)
	at java.util.concurrent.FutureTask.run(FutureTask.java:266)
	at java.util.concurrent.ScheduledThreadPoolExecutor$ScheduledFutureTask.access$201(ScheduledThreadPoolExecutor.java:180)
	at java.util.concurrent.ScheduledThreadPoolExecutor$ScheduledFutureTask.run(ScheduledThreadPoolExecutor.java:293)
	at java.util.concurrent.ThreadPoolExecutor.runWorker(ThreadPoolExecutor.java:1149)
	at java.util.concurrent.ThreadPoolExecutor$Worker.run(ThreadPoolExecutor.java:624)
	at java.lang.Thread.run(Thread.java:750)
2026-05-14 12:20:50,150 ERROR [PUSH-FAIL] 5001ms, Service{namespace='public', group='DEFAULT_GROUP', name='poti-wrongbook', ephemeral=true, revision=2}, reason=Timeout After 5000 milliseconds,requestId =40, target=192.168.189.1

2026-05-14 12:20:50,155 ERROR Reason detail: 

java.util.concurrent.TimeoutException: Timeout After 5000 milliseconds,requestId =40
	at com.alibaba.nacos.api.remote.DefaultRequestFuture$TimeoutHandler.run(DefaultRequestFuture.java:194)
	at java.util.concurrent.Executors$RunnableAdapter.call(Executors.java:511)
	at java.util.concurrent.FutureTask.run(FutureTask.java:266)
	at java.util.concurrent.ScheduledThreadPoolExecutor$ScheduledFutureTask.access$201(ScheduledThreadPoolExecutor.java:180)
	at java.util.concurrent.ScheduledThreadPoolExecutor$ScheduledFutureTask.run(ScheduledThreadPoolExecutor.java:293)
	at java.util.concurrent.ThreadPoolExecutor.runWorker(ThreadPoolExecutor.java:1149)
	at java.util.concurrent.ThreadPoolExecutor$Worker.run(ThreadPoolExecutor.java:624)
	at java.lang.Thread.run(Thread.java:750)
2026-05-14 12:20:50,156 ERROR [PUSH-FAIL] 5007ms, Service{namespace='public', group='DEFAULT_GROUP', name='poti-wrongbook', ephemeral=true, revision=2}, reason=Timeout After 5000 milliseconds,requestId =42, target=192.168.189.1

2026-05-14 12:20:50,159 ERROR Reason detail: 

java.util.concurrent.TimeoutException: Timeout After 5000 milliseconds,requestId =42
	at com.alibaba.nacos.api.remote.DefaultRequestFuture$TimeoutHandler.run(DefaultRequestFuture.java:194)
	at java.util.concurrent.Executors$RunnableAdapter.call(Executors.java:511)
	at java.util.concurrent.FutureTask.run(FutureTask.java:266)
	at java.util.concurrent.ScheduledThreadPoolExecutor$ScheduledFutureTask.access$201(ScheduledThreadPoolExecutor.java:180)
	at java.util.concurrent.ScheduledThreadPoolExecutor$ScheduledFutureTask.run(ScheduledThreadPoolExecutor.java:293)
	at java.util.concurrent.ThreadPoolExecutor.runWorker(ThreadPoolExecutor.java:1149)
	at java.util.concurrent.ThreadPoolExecutor$Worker.run(ThreadPoolExecutor.java:624)
	at java.lang.Thread.run(Thread.java:750)
2026-05-14 12:20:50,161 INFO [PUSH] Task merge for Service{namespace='public', group='DEFAULT_GROUP', name='poti-wrongbook', ephemeral=true, revision=2}

2026-05-14 12:20:50,163 ERROR [PUSH-FAIL] 5009ms, Service{namespace='public', group='DEFAULT_GROUP', name='poti-question', ephemeral=true, revision=2}, reason=Timeout After 5000 milliseconds,requestId =43, target=192.168.189.1

2026-05-14 12:20:50,165 ERROR Reason detail: 

java.util.concurrent.TimeoutException: Timeout After 5000 milliseconds,requestId =43
	at com.alibaba.nacos.api.remote.DefaultRequestFuture$TimeoutHandler.run(DefaultRequestFuture.java:194)
	at java.util.concurrent.Executors$RunnableAdapter.call(Executors.java:511)
	at java.util.concurrent.FutureTask.run(FutureTask.java:266)
	at java.util.concurrent.ScheduledThreadPoolExecutor$ScheduledFutureTask.access$201(ScheduledThreadPoolExecutor.java:180)
	at java.util.concurrent.ScheduledThreadPoolExecutor$ScheduledFutureTask.run(ScheduledThreadPoolExecutor.java:293)
	at java.util.concurrent.ThreadPoolExecutor.runWorker(ThreadPoolExecutor.java:1149)
	at java.util.concurrent.ThreadPoolExecutor$Worker.run(ThreadPoolExecutor.java:624)
	at java.lang.Thread.run(Thread.java:750)
2026-05-14 12:20:50,166 ERROR [PUSH-FAIL] 5012ms, Service{namespace='public', group='DEFAULT_GROUP', name='poti-interview', ephemeral=true, revision=2}, reason=Timeout After 5000 milliseconds,requestId =44, target=192.168.189.1

2026-05-14 12:20:50,169 ERROR Reason detail: 

java.util.concurrent.TimeoutException: Timeout After 5000 milliseconds,requestId =44
	at com.alibaba.nacos.api.remote.DefaultRequestFuture$TimeoutHandler.run(DefaultRequestFuture.java:194)
	at java.util.concurrent.Executors$RunnableAdapter.call(Executors.java:511)
	at java.util.concurrent.FutureTask.run(FutureTask.java:266)
	at java.util.concurrent.ScheduledThreadPoolExecutor$ScheduledFutureTask.access$201(ScheduledThreadPoolExecutor.java:180)
	at java.util.concurrent.ScheduledThreadPoolExecutor$ScheduledFutureTask.run(ScheduledThreadPoolExecutor.java:293)
	at java.util.concurrent.ThreadPoolExecutor.runWorker(ThreadPoolExecutor.java:1149)
	at java.util.concurrent.ThreadPoolExecutor$Worker.run(ThreadPoolExecutor.java:624)
	at java.lang.Thread.run(Thread.java:750)
2026-05-14 12:20:50,170 ERROR [PUSH-FAIL] 5014ms, Service{namespace='public', group='DEFAULT_GROUP', name='poti-auth', ephemeral=true, revision=2}, reason=Timeout After 5000 milliseconds,requestId =49, target=192.168.189.1

2026-05-14 12:20:50,173 ERROR Reason detail: 

java.util.concurrent.TimeoutException: Timeout After 5000 milliseconds,requestId =49
	at com.alibaba.nacos.api.remote.DefaultRequestFuture$TimeoutHandler.run(DefaultRequestFuture.java:194)
	at java.util.concurrent.Executors$RunnableAdapter.call(Executors.java:511)
	at java.util.concurrent.FutureTask.run(FutureTask.java:266)
	at java.util.concurrent.ScheduledThreadPoolExecutor$ScheduledFutureTask.access$201(ScheduledThreadPoolExecutor.java:180)
	at java.util.concurrent.ScheduledThreadPoolExecutor$ScheduledFutureTask.run(ScheduledThreadPoolExecutor.java:293)
	at java.util.concurrent.ThreadPoolExecutor.runWorker(ThreadPoolExecutor.java:1149)
	at java.util.concurrent.ThreadPoolExecutor$Worker.run(ThreadPoolExecutor.java:624)
	at java.lang.Thread.run(Thread.java:750)
2026-05-14 12:20:50,174 ERROR [PUSH-FAIL] 5017ms, Service{namespace='public', group='DEFAULT_GROUP', name='poti-favorite', ephemeral=true, revision=2}, reason=Timeout After 5000 milliseconds,requestId =52, target=192.168.189.1

2026-05-14 12:20:50,176 ERROR Reason detail: 

java.util.concurrent.TimeoutException: Timeout After 5000 milliseconds,requestId =52
	at com.alibaba.nacos.api.remote.DefaultRequestFuture$TimeoutHandler.run(DefaultRequestFuture.java:194)
	at java.util.concurrent.Executors$RunnableAdapter.call(Executors.java:511)
	at java.util.concurrent.FutureTask.run(FutureTask.java:266)
	at java.util.concurrent.ScheduledThreadPoolExecutor$ScheduledFutureTask.access$201(ScheduledThreadPoolExecutor.java:180)
	at java.util.concurrent.ScheduledThreadPoolExecutor$ScheduledFutureTask.run(ScheduledThreadPoolExecutor.java:293)
	at java.util.concurrent.ThreadPoolExecutor.runWorker(ThreadPoolExecutor.java:1149)
	at java.util.concurrent.ThreadPoolExecutor$Worker.run(ThreadPoolExecutor.java:624)
	at java.lang.Thread.run(Thread.java:750)
2026-05-14 12:20:50,177 ERROR [PUSH-FAIL] 5015ms, Service{namespace='public', group='DEFAULT_GROUP', name='poti-practice', ephemeral=true, revision=2}, reason=Timeout After 5000 milliseconds,requestId =54, target=192.168.189.1

2026-05-14 12:20:50,178 ERROR Reason detail: 

java.util.concurrent.TimeoutException: Timeout After 5000 milliseconds,requestId =54
	at com.alibaba.nacos.api.remote.DefaultRequestFuture$TimeoutHandler.run(DefaultRequestFuture.java:194)
	at java.util.concurrent.Executors$RunnableAdapter.call(Executors.java:511)
	at java.util.concurrent.FutureTask.run(FutureTask.java:266)
	at java.util.concurrent.ScheduledThreadPoolExecutor$ScheduledFutureTask.access$201(ScheduledThreadPoolExecutor.java:180)
	at java.util.concurrent.ScheduledThreadPoolExecutor$ScheduledFutureTask.run(ScheduledThreadPoolExecutor.java:293)
	at java.util.concurrent.ThreadPoolExecutor.runWorker(ThreadPoolExecutor.java:1149)
	at java.util.concurrent.ThreadPoolExecutor$Worker.run(ThreadPoolExecutor.java:624)
	at java.lang.Thread.run(Thread.java:750)
2026-05-14 12:20:50,179 ERROR [PUSH-FAIL] 5010ms, Service{namespace='public', group='DEFAULT_GROUP', name='poti-practice', ephemeral=true, revision=2}, reason=Timeout After 5000 milliseconds,requestId =55, target=192.168.189.1

2026-05-14 12:20:50,181 ERROR Reason detail: 

java.util.concurrent.TimeoutException: Timeout After 5000 milliseconds,requestId =55
	at com.alibaba.nacos.api.remote.DefaultRequestFuture$TimeoutHandler.run(DefaultRequestFuture.java:194)
	at java.util.concurrent.Executors$RunnableAdapter.call(Executors.java:511)
	at java.util.concurrent.FutureTask.run(FutureTask.java:266)
	at java.util.concurrent.ScheduledThreadPoolExecutor$ScheduledFutureTask.access$201(ScheduledThreadPoolExecutor.java:180)
	at java.util.concurrent.ScheduledThreadPoolExecutor$ScheduledFutureTask.run(ScheduledThreadPoolExecutor.java:293)
	at java.util.concurrent.ThreadPoolExecutor.runWorker(ThreadPoolExecutor.java:1149)
	at java.util.concurrent.ThreadPoolExecutor$Worker.run(ThreadPoolExecutor.java:624)
	at java.lang.Thread.run(Thread.java:750)
2026-05-14 12:20:50,181 INFO [PUSH] Task merge for Service{namespace='public', group='DEFAULT_GROUP', name='poti-practice', ephemeral=true, revision=2}

2026-05-14 12:20:50,182 ERROR [PUSH-FAIL] 5005ms, Service{namespace='public', group='DEFAULT_GROUP', name='poti-user', ephemeral=true, revision=2}, reason=Timeout After 5000 milliseconds,requestId =56, target=192.168.189.1

2026-05-14 12:20:50,183 ERROR Reason detail: 

java.util.concurrent.TimeoutException: Timeout After 5000 milliseconds,requestId =56
	at com.alibaba.nacos.api.remote.DefaultRequestFuture$TimeoutHandler.run(DefaultRequestFuture.java:194)
	at java.util.concurrent.Executors$RunnableAdapter.call(Executors.java:511)
	at java.util.concurrent.FutureTask.run(FutureTask.java:266)
	at java.util.concurrent.ScheduledThreadPoolExecutor$ScheduledFutureTask.access$201(ScheduledThreadPoolExecutor.java:180)
	at java.util.concurrent.ScheduledThreadPoolExecutor$ScheduledFutureTask.run(ScheduledThreadPoolExecutor.java:293)
	at java.util.concurrent.ThreadPoolExecutor.runWorker(ThreadPoolExecutor.java:1149)
	at java.util.concurrent.ThreadPoolExecutor$Worker.run(ThreadPoolExecutor.java:624)
	at java.lang.Thread.run(Thread.java:750)
2026-05-14 12:20:53,864 ERROR [PUSH-FAIL] 5000ms, Service{namespace='public', group='DEFAULT_GROUP', name='poti-monitor', ephemeral=true, revision=2}, reason=Timeout After 5000 milliseconds,requestId =58, target=192.168.189.1

2026-05-14 12:20:53,867 ERROR Reason detail: 

java.util.concurrent.TimeoutException: Timeout After 5000 milliseconds,requestId =58
	at com.alibaba.nacos.api.remote.DefaultRequestFuture$TimeoutHandler.run(DefaultRequestFuture.java:194)
	at java.util.concurrent.Executors$RunnableAdapter.call(Executors.java:511)
	at java.util.concurrent.FutureTask.run(FutureTask.java:266)
	at java.util.concurrent.ScheduledThreadPoolExecutor$ScheduledFutureTask.access$201(ScheduledThreadPoolExecutor.java:180)
	at java.util.concurrent.ScheduledThreadPoolExecutor$ScheduledFutureTask.run(ScheduledThreadPoolExecutor.java:293)
	at java.util.concurrent.ThreadPoolExecutor.runWorker(ThreadPoolExecutor.java:1149)
	at java.util.concurrent.ThreadPoolExecutor$Worker.run(ThreadPoolExecutor.java:624)
	at java.lang.Thread.run(Thread.java:750)
2026-05-14 12:27:11,601 INFO [PUSH-SUCC] 23ms, all delay time 525ms for subscriber 192.168.189.1, Service{namespace='public', group='DEFAULT_GROUP', name='poti-gateway', ephemeral=true, revision=0}, originalSize=0, DataSize=0

2026-05-14 12:27:13,099 INFO [PUSH-SUCC] 18ms, all delay time 596ms, SLA 596ms, Service{namespace='public', group='DEFAULT_GROUP', name='poti-gateway', ephemeral=true, revision=1}, originalSize=1, DataSize=1, target=192.168.189.1

2026-05-14 12:28:00,602 INFO [PUSH-SUCC] 23ms, all delay time 573ms for subscriber 192.168.189.1, Service{namespace='public', group='DEFAULT_GROUP', name='poti-monitor', ephemeral=true, revision=0}, originalSize=0, DataSize=0

2026-05-14 12:28:00,693 INFO [PUSH-SUCC] 14ms, all delay time 597ms for subscriber 192.168.189.1, Service{namespace='public', group='DEFAULT_GROUP', name='poti-gateway', ephemeral=true, revision=1}, originalSize=1, DataSize=1

2026-05-14 12:28:01,200 INFO [PUSH-SUCC] 20ms, all delay time 579ms, SLA 579ms, Service{namespace='public', group='DEFAULT_GROUP', name='poti-monitor', ephemeral=true, revision=1}, originalSize=1, DataSize=1, target=192.168.189.1

2026-05-14 12:28:11,828 INFO [PUSH-SUCC] 26ms, all delay time 565ms for subscriber 192.168.189.1, Service{namespace='public', group='DEFAULT_GROUP', name='poti-monitor', ephemeral=true, revision=1}, originalSize=1, DataSize=1

2026-05-14 12:36:19,214 INFO [PUSH] Task merge for Service{namespace='public', group='DEFAULT_GROUP', name='poti-interview', ephemeral=true, revision=1}

2026-05-14 12:36:19,771 INFO [PUSH-SUCC] 32ms, all delay time 620ms, SLA 556ms, Service{namespace='public', group='DEFAULT_GROUP', name='poti-interview', ephemeral=true, revision=1}, originalSize=1, DataSize=1, target=192.168.189.1

2026-05-14 12:36:31,378 INFO [PUSH-SUCC] 13ms, all delay time 551ms for subscriber 192.168.189.1, Service{namespace='public', group='DEFAULT_GROUP', name='poti-interview', ephemeral=true, revision=1}, originalSize=1, DataSize=1

2026-05-14 12:36:41,994 INFO [PUSH-SUCC] 7ms, all delay time 573ms for subscriber 192.168.189.1, Service{namespace='public', group='DEFAULT_GROUP', name='poti-interview', ephemeral=true, revision=1}, originalSize=1, DataSize=1

2026-05-14 12:36:44,737 INFO [PUSH] Task merge for Service{namespace='public', group='DEFAULT_GROUP', name='poti-favorite', ephemeral=true, revision=1}

2026-05-14 12:36:45,222 INFO [PUSH-SUCC] 30ms, all delay time 556ms, SLA 485ms, Service{namespace='public', group='DEFAULT_GROUP', name='poti-favorite', ephemeral=true, revision=1}, originalSize=1, DataSize=1, target=192.168.189.1

2026-05-14 12:37:01,439 INFO [PUSH-SUCC] 10ms, all delay time 576ms for subscriber 192.168.189.1, Service{namespace='public', group='DEFAULT_GROUP', name='poti-favorite', ephemeral=true, revision=1}, originalSize=1, DataSize=1

2026-05-14 12:37:11,967 INFO [PUSH-SUCC] 7ms, all delay time 545ms for subscriber 192.168.189.1, Service{namespace='public', group='DEFAULT_GROUP', name='poti-favorite', ephemeral=true, revision=1}, originalSize=1, DataSize=1

2026-05-14 12:37:29,384 INFO [PUSH] Task merge for Service{namespace='public', group='DEFAULT_GROUP', name='poti-practice', ephemeral=true, revision=1}

2026-05-14 12:37:29,931 INFO [PUSH-SUCC] 35ms, all delay time 605ms, SLA 547ms, Service{namespace='public', group='DEFAULT_GROUP', name='poti-practice', ephemeral=true, revision=1}, originalSize=1, DataSize=1, target=192.168.189.1

2026-05-14 12:37:31,410 INFO [PUSH-SUCC] 12ms, all delay time 517ms for subscriber 192.168.189.1, Service{namespace='public', group='DEFAULT_GROUP', name='poti-practice', ephemeral=true, revision=1}, originalSize=1, DataSize=1

2026-05-14 12:37:42,024 INFO [PUSH-SUCC] 6ms, all delay time 595ms for subscriber 192.168.189.1, Service{namespace='public', group='DEFAULT_GROUP', name='poti-practice', ephemeral=true, revision=1}, originalSize=1, DataSize=1

2026-05-14 12:37:44,611 INFO [PUSH] Task merge for Service{namespace='public', group='DEFAULT_GROUP', name='poti-question', ephemeral=true, revision=1}

2026-05-14 12:37:45,165 INFO [PUSH-SUCC] 41ms, all delay time 625ms, SLA 554ms, Service{namespace='public', group='DEFAULT_GROUP', name='poti-question', ephemeral=true, revision=1}, originalSize=1, DataSize=1, target=192.168.189.1

2026-05-14 12:38:01,466 INFO [PUSH-SUCC] 10ms, all delay time 534ms for subscriber 192.168.189.1, Service{namespace='public', group='DEFAULT_GROUP', name='poti-question', ephemeral=true, revision=1}, originalSize=1, DataSize=1

2026-05-14 12:38:01,754 INFO [PUSH] Task merge for Service{namespace='public', group='DEFAULT_GROUP', name='poti-search', ephemeral=true, revision=1}

2026-05-14 12:38:02,298 INFO [PUSH-SUCC] 39ms, all delay time 596ms, SLA 544ms, Service{namespace='public', group='DEFAULT_GROUP', name='poti-search', ephemeral=true, revision=1}, originalSize=1, DataSize=1, target=192.168.189.1

2026-05-14 12:38:11,985 INFO [PUSH-SUCC] 5ms, all delay time 548ms for subscriber 192.168.189.1, Service{namespace='public', group='DEFAULT_GROUP', name='poti-question', ephemeral=true, revision=1}, originalSize=1, DataSize=1

2026-05-14 12:38:12,002 INFO [PUSH-SUCC] 22ms, all delay time 564ms for subscriber 192.168.189.1, Service{namespace='public', group='DEFAULT_GROUP', name='poti-search', ephemeral=true, revision=1}, originalSize=1, DataSize=1

2026-05-14 12:38:17,288 INFO [PUSH] Task merge for Service{namespace='public', group='DEFAULT_GROUP', name='poti-wrongbook', ephemeral=true, revision=1}

2026-05-14 12:38:17,817 INFO [PUSH-SUCC] 29ms, all delay time 595ms, SLA 529ms, Service{namespace='public', group='DEFAULT_GROUP', name='poti-wrongbook', ephemeral=true, revision=1}, originalSize=1, DataSize=1, target=192.168.189.1

2026-05-14 12:38:31,524 INFO [PUSH-SUCC] 5ms, all delay time 558ms for subscriber 192.168.189.1, Service{namespace='public', group='DEFAULT_GROUP', name='poti-search', ephemeral=true, revision=1}, originalSize=1, DataSize=1

2026-05-14 12:38:31,526 INFO [PUSH-SUCC] 7ms, all delay time 549ms for subscriber 192.168.189.1, Service{namespace='public', group='DEFAULT_GROUP', name='poti-wrongbook', ephemeral=true, revision=1}, originalSize=1, DataSize=1

2026-05-14 12:38:42,055 INFO [PUSH-SUCC] 12ms, all delay time 605ms for subscriber 192.168.189.1, Service{namespace='public', group='DEFAULT_GROUP', name='poti-wrongbook', ephemeral=true, revision=1}, originalSize=1, DataSize=1

2026-05-14 12:42:41,711 INFO [PUSH] Task merge for Service{namespace='public', group='DEFAULT_GROUP', name='poti-auth', ephemeral=true, revision=1}

2026-05-14 12:42:42,200 INFO [PUSH-SUCC] 55ms, all delay time 556ms, SLA 490ms, Service{namespace='public', group='DEFAULT_GROUP', name='poti-auth', ephemeral=true, revision=1}, originalSize=1, DataSize=1, target=192.168.189.1

2026-05-14 12:43:01,793 INFO [PUSH-SUCC] 6ms, all delay time 598ms for subscriber 192.168.189.1, Service{namespace='public', group='DEFAULT_GROUP', name='poti-auth', ephemeral=true, revision=1}, originalSize=1, DataSize=1

2026-05-14 12:43:09,515 INFO [PUSH] Task merge for Service{namespace='public', group='DEFAULT_GROUP', name='poti-admin', ephemeral=true, revision=1}

2026-05-14 12:43:10,038 INFO [PUSH-SUCC] 31ms, all delay time 586ms, SLA 523ms, Service{namespace='public', group='DEFAULT_GROUP', name='poti-admin', ephemeral=true, revision=1}, originalSize=1, DataSize=1, target=192.168.189.1

2026-05-14 12:43:12,330 INFO [PUSH-SUCC] 218ms, all delay time 802ms for subscriber 192.168.189.1, Service{namespace='public', group='DEFAULT_GROUP', name='poti-admin', ephemeral=true, revision=1}, originalSize=1, DataSize=1

2026-05-14 12:43:12,334 INFO [PUSH-SUCC] 223ms, all delay time 799ms for subscriber 192.168.189.1, Service{namespace='public', group='DEFAULT_GROUP', name='poti-auth', ephemeral=true, revision=1}, originalSize=1, DataSize=1

2026-05-14 12:43:31,756 INFO [PUSH-SUCC] 6ms, all delay time 532ms for subscriber 192.168.189.1, Service{namespace='public', group='DEFAULT_GROUP', name='poti-admin', ephemeral=true, revision=1}, originalSize=1, DataSize=1

2026-05-14 12:43:34,781 INFO [PUSH] Task merge for Service{namespace='public', group='DEFAULT_GROUP', name='poti-user', ephemeral=true, revision=1}

2026-05-14 12:43:35,290 INFO [PUSH-SUCC] 29ms, all delay time 557ms, SLA 509ms, Service{namespace='public', group='DEFAULT_GROUP', name='poti-user', ephemeral=true, revision=1}, originalSize=1, DataSize=1, target=192.168.189.1

2026-05-14 12:43:42,083 INFO [PUSH-SUCC] 8ms, all delay time 550ms for subscriber 192.168.189.1, Service{namespace='public', group='DEFAULT_GROUP', name='poti-user', ephemeral=true, revision=1}, originalSize=1, DataSize=1

2026-05-14 12:44:01,830 INFO [PUSH-SUCC] 8ms, all delay time 580ms for subscriber 192.168.189.1, Service{namespace='public', group='DEFAULT_GROUP', name='poti-user', ephemeral=true, revision=1}, originalSize=1, DataSize=1

2026-05-14 12:48:43,210 INFO [PUSH-SUCC] 16ms, all delay time 518ms, SLA 518ms, Service{namespace='public', group='DEFAULT_GROUP', name='poti-auth', ephemeral=true, revision=2}, originalSize=0, DataSize=0, target=192.168.189.1

2026-05-14 12:48:43,211 INFO [PUSH-SUCC] 17ms, all delay time 520ms, SLA 520ms, Service{namespace='public', group='DEFAULT_GROUP', name='poti-auth', ephemeral=true, revision=2}, originalSize=0, DataSize=0, target=192.168.189.1

2026-05-14 12:49:19,880 INFO [PUSH-SUCC] 12ms, all delay time 553ms, SLA 554ms, Service{namespace='public', group='DEFAULT_GROUP', name='poti-user', ephemeral=true, revision=2}, originalSize=0, DataSize=0, target=192.168.189.1

2026-05-14 12:49:19,882 INFO [PUSH-SUCC] 15ms, all delay time 555ms, SLA 556ms, Service{namespace='public', group='DEFAULT_GROUP', name='poti-user', ephemeral=true, revision=2}, originalSize=0, DataSize=0, target=192.168.189.1

2026-05-14 12:50:45,107 INFO [PUSH-SUCC] 21ms, all delay time 526ms, SLA 526ms, Service{namespace='public', group='DEFAULT_GROUP', name='poti-practice', ephemeral=true, revision=2}, originalSize=0, DataSize=0, target=192.168.189.1

2026-05-14 12:50:45,108 INFO [PUSH-SUCC] 23ms, all delay time 527ms, SLA 527ms, Service{namespace='public', group='DEFAULT_GROUP', name='poti-practice', ephemeral=true, revision=2}, originalSize=0, DataSize=0, target=192.168.189.1

2026-05-14 12:50:56,819 INFO [PUSH] Task merge for Service{namespace='public', group='DEFAULT_GROUP', name='poti-practice', ephemeral=true, revision=3}

2026-05-14 12:50:57,330 INFO [PUSH-SUCC] 23ms, all delay time 578ms, SLA 511ms, Service{namespace='public', group='DEFAULT_GROUP', name='poti-practice', ephemeral=true, revision=3}, originalSize=1, DataSize=1, target=192.168.189.1

2026-05-14 12:50:57,347 INFO [PUSH-SUCC] 41ms, all delay time 595ms, SLA 528ms, Service{namespace='public', group='DEFAULT_GROUP', name='poti-practice', ephemeral=true, revision=3}, originalSize=1, DataSize=1, target=192.168.189.1

2026-05-14 12:50:57,353 INFO [PUSH-SUCC] 46ms, all delay time 601ms, SLA 534ms, Service{namespace='public', group='DEFAULT_GROUP', name='poti-practice', ephemeral=true, revision=3}, originalSize=1, DataSize=1, target=192.168.189.1

2026-05-14 12:53:34,306 INFO [PUSH] Task merge for Service{namespace='public', group='DEFAULT_GROUP', name='poti-auth', ephemeral=true, revision=1}

2026-05-14 12:53:34,844 INFO [PUSH-SUCC] 86ms, all delay time 603ms, SLA 538ms, Service{namespace='public', group='DEFAULT_GROUP', name='poti-auth', ephemeral=true, revision=1}, originalSize=1, DataSize=1, target=192.168.189.1

2026-05-14 12:53:34,848 INFO [PUSH-SUCC] 91ms, all delay time 607ms, SLA 542ms, Service{namespace='public', group='DEFAULT_GROUP', name='poti-auth', ephemeral=true, revision=1}, originalSize=1, DataSize=1, target=192.168.189.1

2026-05-14 12:53:34,849 INFO [PUSH-SUCC] 91ms, all delay time 608ms, SLA 543ms, Service{namespace='public', group='DEFAULT_GROUP', name='poti-auth', ephemeral=true, revision=1}, originalSize=1, DataSize=1, target=192.168.189.1

2026-05-14 12:54:05,955 INFO [PUSH] Task merge for Service{namespace='public', group='DEFAULT_GROUP', name='poti-user', ephemeral=true, revision=1}

2026-05-14 12:54:06,432 INFO [PUSH-SUCC] 12ms, all delay time 554ms, SLA 477ms, Service{namespace='public', group='DEFAULT_GROUP', name='poti-user', ephemeral=true, revision=1}, originalSize=1, DataSize=1, target=192.168.189.1

2026-05-14 12:54:06,439 INFO [PUSH-SUCC] 19ms, all delay time 561ms, SLA 484ms, Service{namespace='public', group='DEFAULT_GROUP', name='poti-user', ephemeral=true, revision=1}, originalSize=1, DataSize=1, target=192.168.189.1

2026-05-14 12:54:06,456 INFO [PUSH-SUCC] 35ms, all delay time 578ms, SLA 501ms, Service{namespace='public', group='DEFAULT_GROUP', name='poti-user', ephemeral=true, revision=1}, originalSize=1, DataSize=1, target=192.168.189.1

2026-05-14 12:58:36,156 INFO [PUSH-SUCC] 34ms, all delay time 561ms for subscriber 192.168.189.1, Service{namespace='public', group='DEFAULT_GROUP', name='poti-practice', ephemeral=true, revision=3}, originalSize=1, DataSize=1

2026-05-14 12:58:37,254 INFO [PUSH-SUCC] 26ms, all delay time 565ms for subscriber 192.168.189.1, Service{namespace='public', group='DEFAULT_GROUP', name='poti-favorite', ephemeral=true, revision=1}, originalSize=1, DataSize=1

2026-05-14 12:58:37,934 INFO [PUSH-SUCC] 7ms, all delay time 595ms for subscriber 192.168.189.1, Service{namespace='public', group='DEFAULT_GROUP', name='poti-wrongbook', ephemeral=true, revision=1}, originalSize=1, DataSize=1

2026-05-14 13:00:11,346 INFO [PUSH-SUCC] 10ms, all delay time 577ms for subscriber 192.168.189.1, Service{namespace='public', group='DEFAULT_GROUP', name='poti-question', ephemeral=true, revision=1}, originalSize=1, DataSize=1

2026-05-14 13:17:06,079 INFO [PUSH-SUCC] 25ms, all delay time 565ms, SLA 565ms, Service{namespace='public', group='DEFAULT_GROUP', name='poti-user', ephemeral=true, revision=2}, originalSize=0, DataSize=0, target=192.168.189.1

2026-05-14 13:17:06,103 INFO [PUSH-SUCC] 48ms, all delay time 589ms, SLA 589ms, Service{namespace='public', group='DEFAULT_GROUP', name='poti-user', ephemeral=true, revision=2}, originalSize=0, DataSize=0, target=192.168.189.1

2026-05-14 13:18:02,161 INFO [PUSH-SUCC] 20ms, all delay time 618ms, SLA 618ms, Service{namespace='public', group='DEFAULT_GROUP', name='poti-question', ephemeral=true, revision=2}, originalSize=0, DataSize=0, target=192.168.189.1

2026-05-14 13:18:02,164 INFO [PUSH-SUCC] 23ms, all delay time 621ms, SLA 621ms, Service{namespace='public', group='DEFAULT_GROUP', name='poti-question', ephemeral=true, revision=2}, originalSize=0, DataSize=0, target=192.168.189.1

2026-05-14 13:18:02,164 INFO [PUSH-SUCC] 24ms, all delay time 621ms, SLA 621ms, Service{namespace='public', group='DEFAULT_GROUP', name='poti-question', ephemeral=true, revision=2}, originalSize=0, DataSize=0, target=192.168.189.1

2026-05-14 13:19:54,288 INFO [PUSH] Task merge for Service{namespace='public', group='DEFAULT_GROUP', name='poti-user', ephemeral=true, revision=1}

2026-05-14 13:19:54,783 INFO [PUSH] Task merge for Service{namespace='public', group='DEFAULT_GROUP', name='poti-user', ephemeral=true, revision=2}

2026-05-14 13:19:54,789 INFO [PUSH-SUCC] 5ms, all delay time 596ms, SLA 7ms, Service{namespace='public', group='DEFAULT_GROUP', name='poti-user', ephemeral=true, revision=2}, originalSize=0, DataSize=0, target=192.168.189.1

2026-05-14 13:19:54,791 INFO [PUSH-SUCC] 7ms, all delay time 598ms, SLA 9ms, Service{namespace='public', group='DEFAULT_GROUP', name='poti-user', ephemeral=true, revision=2}, originalSize=0, DataSize=0, target=192.168.189.1

2026-05-14 13:19:54,812 INFO [PUSH-SUCC] 28ms, all delay time 619ms, SLA 30ms, Service{namespace='public', group='DEFAULT_GROUP', name='poti-user', ephemeral=true, revision=2}, originalSize=0, DataSize=0, target=192.168.189.1

2026-05-14 13:21:06,199 INFO [PUSH] Task merge for Service{namespace='public', group='DEFAULT_GROUP', name='poti-question', ephemeral=true, revision=1}

2026-05-14 13:21:06,679 INFO [PUSH-SUCC] 29ms, all delay time 563ms, SLA 481ms, Service{namespace='public', group='DEFAULT_GROUP', name='poti-question', ephemeral=true, revision=1}, originalSize=1, DataSize=1, target=192.168.189.1

2026-05-14 13:21:06,685 INFO [PUSH-SUCC] 35ms, all delay time 569ms, SLA 487ms, Service{namespace='public', group='DEFAULT_GROUP', name='poti-question', ephemeral=true, revision=1}, originalSize=1, DataSize=1, target=192.168.189.1

2026-05-14 13:21:06,686 INFO [PUSH-SUCC] 36ms, all delay time 570ms, SLA 488ms, Service{namespace='public', group='DEFAULT_GROUP', name='poti-question', ephemeral=true, revision=1}, originalSize=1, DataSize=1, target=192.168.189.1

2026-05-14 13:21:06,693 INFO [PUSH-SUCC] 43ms, all delay time 577ms, SLA 495ms, Service{namespace='public', group='DEFAULT_GROUP', name='poti-question', ephemeral=true, revision=1}, originalSize=1, DataSize=1, target=192.168.189.1

2026-05-14 13:21:07,264 INFO [PUSH-SUCC] 13ms, all delay time 526ms, SLA 526ms, Service{namespace='public', group='DEFAULT_GROUP', name='poti-question', ephemeral=true, revision=2}, originalSize=0, DataSize=0, target=192.168.189.1

2026-05-14 13:21:07,264 INFO [PUSH-SUCC] 12ms, all delay time 526ms, SLA 526ms, Service{namespace='public', group='DEFAULT_GROUP', name='poti-question', ephemeral=true, revision=2}, originalSize=0, DataSize=0, target=192.168.189.1

2026-05-14 13:21:07,265 INFO [PUSH-SUCC] 14ms, all delay time 527ms, SLA 527ms, Service{namespace='public', group='DEFAULT_GROUP', name='poti-question', ephemeral=true, revision=2}, originalSize=0, DataSize=0, target=192.168.189.1

2026-05-14 13:23:52,276 INFO [PUSH] Task merge for Service{namespace='public', group='DEFAULT_GROUP', name='poti-user', ephemeral=true, revision=1}

2026-05-14 13:23:52,767 INFO [PUSH-SUCC] 31ms, all delay time 584ms, SLA 491ms, Service{namespace='public', group='DEFAULT_GROUP', name='poti-user', ephemeral=true, revision=1}, originalSize=1, DataSize=1, target=192.168.189.1

2026-05-14 13:23:52,773 INFO [PUSH-SUCC] 37ms, all delay time 590ms, SLA 497ms, Service{namespace='public', group='DEFAULT_GROUP', name='poti-user', ephemeral=true, revision=1}, originalSize=1, DataSize=1, target=192.168.189.1

2026-05-14 13:23:52,790 INFO [PUSH-SUCC] 53ms, all delay time 607ms, SLA 514ms, Service{namespace='public', group='DEFAULT_GROUP', name='poti-user', ephemeral=true, revision=1}, originalSize=1, DataSize=1, target=192.168.189.1

2026-05-14 13:23:53,454 INFO [PUSH-SUCC] 17ms, all delay time 543ms, SLA 543ms, Service{namespace='public', group='DEFAULT_GROUP', name='poti-user', ephemeral=true, revision=2}, originalSize=0, DataSize=0, target=192.168.189.1

2026-05-14 13:23:53,458 INFO [PUSH-SUCC] 20ms, all delay time 547ms, SLA 547ms, Service{namespace='public', group='DEFAULT_GROUP', name='poti-user', ephemeral=true, revision=2}, originalSize=0, DataSize=0, target=192.168.189.1

2026-05-14 13:23:53,461 INFO [PUSH-SUCC] 23ms, all delay time 550ms, SLA 550ms, Service{namespace='public', group='DEFAULT_GROUP', name='poti-user', ephemeral=true, revision=2}, originalSize=0, DataSize=0, target=192.168.189.1

2026-05-14 13:24:23,130 INFO [PUSH-SUCC] 11ms, all delay time 569ms, SLA 570ms, Service{namespace='public', group='DEFAULT_GROUP', name='poti-favorite', ephemeral=true, revision=2}, originalSize=0, DataSize=0, target=192.168.189.1

2026-05-14 13:24:23,131 INFO [PUSH-SUCC] 13ms, all delay time 570ms, SLA 571ms, Service{namespace='public', group='DEFAULT_GROUP', name='poti-favorite', ephemeral=true, revision=2}, originalSize=0, DataSize=0, target=192.168.189.1

2026-05-14 13:24:37,601 INFO [PUSH] Task merge for Service{namespace='public', group='DEFAULT_GROUP', name='poti-favorite', ephemeral=true, revision=3}

2026-05-14 13:24:38,068 INFO [PUSH-SUCC] 23ms, all delay time 533ms, SLA 467ms, Service{namespace='public', group='DEFAULT_GROUP', name='poti-favorite', ephemeral=true, revision=3}, originalSize=1, DataSize=1, target=192.168.189.1

2026-05-14 13:24:38,072 INFO [PUSH-SUCC] 27ms, all delay time 537ms, SLA 471ms, Service{namespace='public', group='DEFAULT_GROUP', name='poti-favorite', ephemeral=true, revision=3}, originalSize=1, DataSize=1, target=192.168.189.1

2026-05-14 13:24:38,106 INFO [PUSH-SUCC] 61ms, all delay time 571ms, SLA 505ms, Service{namespace='public', group='DEFAULT_GROUP', name='poti-favorite', ephemeral=true, revision=3}, originalSize=1, DataSize=1, target=192.168.189.1

2026-05-14 13:25:05,647 INFO [PUSH] Task merge for Service{namespace='public', group='DEFAULT_GROUP', name='poti-question', ephemeral=true, revision=1}

2026-05-14 13:25:06,128 INFO [PUSH-SUCC] 29ms, all delay time 616ms, SLA 481ms, Service{namespace='public', group='DEFAULT_GROUP', name='poti-question', ephemeral=true, revision=1}, originalSize=1, DataSize=1, target=192.168.189.1

2026-05-14 13:25:06,136 INFO [PUSH-SUCC] 38ms, all delay time 624ms, SLA 489ms, Service{namespace='public', group='DEFAULT_GROUP', name='poti-question', ephemeral=true, revision=1}, originalSize=1, DataSize=1, target=192.168.189.1

2026-05-14 13:25:06,138 INFO [PUSH-SUCC] 39ms, all delay time 626ms, SLA 491ms, Service{namespace='public', group='DEFAULT_GROUP', name='poti-question', ephemeral=true, revision=1}, originalSize=1, DataSize=1, target=192.168.189.1

2026-05-14 13:25:06,152 INFO [PUSH-SUCC] 53ms, all delay time 640ms, SLA 505ms, Service{namespace='public', group='DEFAULT_GROUP', name='poti-question', ephemeral=true, revision=1}, originalSize=1, DataSize=1, target=192.168.189.1

2026-05-14 13:25:07,222 INFO [PUSH-SUCC] 21ms, all delay time 573ms, SLA 573ms, Service{namespace='public', group='DEFAULT_GROUP', name='poti-question', ephemeral=true, revision=2}, originalSize=0, DataSize=0, target=192.168.189.1

2026-05-14 13:25:07,224 INFO [PUSH-SUCC] 22ms, all delay time 575ms, SLA 575ms, Service{namespace='public', group='DEFAULT_GROUP', name='poti-question', ephemeral=true, revision=2}, originalSize=0, DataSize=0, target=192.168.189.1

2026-05-14 13:25:07,228 INFO [PUSH-SUCC] 26ms, all delay time 578ms, SLA 578ms, Service{namespace='public', group='DEFAULT_GROUP', name='poti-question', ephemeral=true, revision=2}, originalSize=0, DataSize=0, target=192.168.189.1

2026-05-14 13:25:07,229 INFO [PUSH-SUCC] 28ms, all delay time 580ms, SLA 580ms, Service{namespace='public', group='DEFAULT_GROUP', name='poti-question', ephemeral=true, revision=2}, originalSize=0, DataSize=0, target=192.168.189.1

2026-05-14 13:25:12,643 INFO [PUSH-SUCC] 24ms, all delay time 591ms, SLA 591ms, Service{namespace='public', group='DEFAULT_GROUP', name='poti-practice', ephemeral=true, revision=4}, originalSize=0, DataSize=0, target=192.168.189.1

2026-05-14 13:25:12,645 INFO [PUSH-SUCC] 27ms, all delay time 593ms, SLA 593ms, Service{namespace='public', group='DEFAULT_GROUP', name='poti-practice', ephemeral=true, revision=4}, originalSize=0, DataSize=0, target=192.168.189.1

2026-05-14 13:25:35,112 INFO [PUSH] Task merge for Service{namespace='public', group='DEFAULT_GROUP', name='poti-practice', ephemeral=true, revision=5}

2026-05-14 13:25:35,592 INFO [PUSH-SUCC] 26ms, all delay time 549ms, SLA 480ms, Service{namespace='public', group='DEFAULT_GROUP', name='poti-practice', ephemeral=true, revision=5}, originalSize=1, DataSize=1, target=192.168.189.1

2026-05-14 13:25:35,595 INFO [PUSH-SUCC] 30ms, all delay time 552ms, SLA 483ms, Service{namespace='public', group='DEFAULT_GROUP', name='poti-practice', ephemeral=true, revision=5}, originalSize=1, DataSize=1, target=192.168.189.1

2026-05-14 13:25:35,621 INFO [PUSH-SUCC] 55ms, all delay time 578ms, SLA 509ms, Service{namespace='public', group='DEFAULT_GROUP', name='poti-practice', ephemeral=true, revision=5}, originalSize=1, DataSize=1, target=192.168.189.1

2026-05-14 13:28:19,376 INFO [PUSH] Task merge for Service{namespace='public', group='DEFAULT_GROUP', name='poti-user', ephemeral=true, revision=1}

2026-05-14 13:28:19,931 INFO [PUSH-SUCC] 47ms, all delay time 622ms, SLA 546ms, Service{namespace='public', group='DEFAULT_GROUP', name='poti-user', ephemeral=true, revision=1}, originalSize=1, DataSize=1, target=192.168.189.1

2026-05-14 13:28:19,942 INFO [PUSH-SUCC] 68ms, all delay time 643ms, SLA 567ms, Service{namespace='public', group='DEFAULT_GROUP', name='poti-user', ephemeral=true, revision=1}, originalSize=1, DataSize=1, target=192.168.189.1

2026-05-14 13:28:19,961 INFO [PUSH-SUCC] 86ms, all delay time 662ms, SLA 586ms, Service{namespace='public', group='DEFAULT_GROUP', name='poti-user', ephemeral=true, revision=1}, originalSize=1, DataSize=1, target=192.168.189.1

2026-05-14 13:28:20,796 INFO [PUSH-SUCC] 29ms, all delay time 622ms, SLA 622ms, Service{namespace='public', group='DEFAULT_GROUP', name='poti-user', ephemeral=true, revision=2}, originalSize=0, DataSize=0, target=192.168.189.1

2026-05-14 13:28:20,800 INFO [PUSH-SUCC] 32ms, all delay time 626ms, SLA 626ms, Service{namespace='public', group='DEFAULT_GROUP', name='poti-user', ephemeral=true, revision=2}, originalSize=0, DataSize=0, target=192.168.189.1

2026-05-14 13:28:20,801 INFO [PUSH-SUCC] 34ms, all delay time 627ms, SLA 627ms, Service{namespace='public', group='DEFAULT_GROUP', name='poti-user', ephemeral=true, revision=2}, originalSize=0, DataSize=0, target=192.168.189.1

2026-05-14 13:29:19,848 INFO [PUSH] Task merge for Service{namespace='public', group='DEFAULT_GROUP', name='poti-question', ephemeral=true, revision=1}

2026-05-14 13:29:20,329 INFO [PUSH-SUCC] 14ms, all delay time 547ms, SLA 13ms, Service{namespace='public', group='DEFAULT_GROUP', name='poti-question', ephemeral=true, revision=2}, originalSize=1, DataSize=1, target=192.168.189.1

2026-05-14 13:29:20,331 INFO [PUSH-SUCC] 16ms, all delay time 549ms, SLA 15ms, Service{namespace='public', group='DEFAULT_GROUP', name='poti-question', ephemeral=true, revision=2}, originalSize=1, DataSize=1, target=192.168.189.1

2026-05-14 13:29:20,351 INFO [PUSH-SUCC] 36ms, all delay time 569ms, SLA 35ms, Service{namespace='public', group='DEFAULT_GROUP', name='poti-question', ephemeral=true, revision=2}, originalSize=1, DataSize=1, target=192.168.189.1

2026-05-14 13:29:20,923 INFO [PUSH-SUCC] 8ms, all delay time 606ms, SLA 607ms, Service{namespace='public', group='DEFAULT_GROUP', name='poti-question', ephemeral=true, revision=2}, originalSize=0, DataSize=0, target=192.168.189.1

2026-05-14 13:29:20,925 INFO [PUSH-SUCC] 10ms, all delay time 608ms, SLA 609ms, Service{namespace='public', group='DEFAULT_GROUP', name='poti-question', ephemeral=true, revision=2}, originalSize=0, DataSize=0, target=192.168.189.1

2026-05-14 13:32:06,609 INFO [PUSH] Task merge for Service{namespace='public', group='DEFAULT_GROUP', name='poti-user', ephemeral=true, revision=1}

2026-05-14 13:32:07,085 INFO [PUSH] Task merge for Service{namespace='public', group='DEFAULT_GROUP', name='poti-user', ephemeral=true, revision=2}

2026-05-14 13:32:07,107 INFO [PUSH-SUCC] 8ms, all delay time 558ms, SLA 22ms, Service{namespace='public', group='DEFAULT_GROUP', name='poti-user', ephemeral=true, revision=2}, originalSize=0, DataSize=0, target=192.168.189.1

2026-05-14 13:32:07,110 INFO [PUSH-SUCC] 12ms, all delay time 561ms, SLA 25ms, Service{namespace='public', group='DEFAULT_GROUP', name='poti-user', ephemeral=true, revision=2}, originalSize=0, DataSize=0, target=192.168.189.1

2026-05-14 13:32:07,135 INFO [PUSH-SUCC] 36ms, all delay time 586ms, SLA 50ms, Service{namespace='public', group='DEFAULT_GROUP', name='poti-user', ephemeral=true, revision=2}, originalSize=0, DataSize=0, target=192.168.189.1

2026-05-14 13:35:31,921 INFO [PUSH] Task merge for Service{namespace='public', group='DEFAULT_GROUP', name='poti-user', ephemeral=true, revision=1}

2026-05-14 13:35:32,384 INFO [PUSH-SUCC] 13ms, all delay time 522ms, SLA 463ms, Service{namespace='public', group='DEFAULT_GROUP', name='poti-user', ephemeral=true, revision=1}, originalSize=1, DataSize=1, target=192.168.189.1

2026-05-14 13:35:32,389 INFO [PUSH-SUCC] 19ms, all delay time 527ms, SLA 468ms, Service{namespace='public', group='DEFAULT_GROUP', name='poti-user', ephemeral=true, revision=1}, originalSize=1, DataSize=1, target=192.168.189.1

2026-05-14 13:35:32,406 INFO [PUSH-SUCC] 35ms, all delay time 544ms, SLA 485ms, Service{namespace='public', group='DEFAULT_GROUP', name='poti-user', ephemeral=true, revision=1}, originalSize=1, DataSize=1, target=192.168.189.1

2026-05-14 13:35:45,572 INFO [PUSH] Task merge for Service{namespace='public', group='DEFAULT_GROUP', name='poti-question', ephemeral=true, revision=1}

2026-05-14 13:35:46,113 INFO [PUSH-SUCC] 16ms, all delay time 603ms, SLA 542ms, Service{namespace='public', group='DEFAULT_GROUP', name='poti-question', ephemeral=true, revision=1}, originalSize=1, DataSize=1, target=192.168.189.1

2026-05-14 13:35:46,115 INFO [PUSH-SUCC] 20ms, all delay time 605ms, SLA 544ms, Service{namespace='public', group='DEFAULT_GROUP', name='poti-question', ephemeral=true, revision=1}, originalSize=1, DataSize=1, target=192.168.189.1

2026-05-14 13:35:46,139 INFO [PUSH-SUCC] 43ms, all delay time 629ms, SLA 568ms, Service{namespace='public', group='DEFAULT_GROUP', name='poti-question', ephemeral=true, revision=1}, originalSize=1, DataSize=1, target=192.168.189.1

2026-05-14 13:35:53,435 INFO [PUSH-SUCC] 22ms, all delay time 610ms, SLA 610ms, Service{namespace='public', group='DEFAULT_GROUP', name='poti-user', ephemeral=true, revision=2}, originalSize=0, DataSize=0, target=192.168.189.1

2026-05-14 13:35:53,438 INFO [PUSH-SUCC] 26ms, all delay time 613ms, SLA 613ms, Service{namespace='public', group='DEFAULT_GROUP', name='poti-user', ephemeral=true, revision=2}, originalSize=0, DataSize=0, target=192.168.189.1

2026-05-14 13:36:09,408 INFO [PUSH] Task merge for Service{namespace='public', group='DEFAULT_GROUP', name='poti-user', ephemeral=true, revision=3}

2026-05-14 13:36:09,868 INFO [PUSH-SUCC] 21ms, all delay time 531ms, SLA 461ms, Service{namespace='public', group='DEFAULT_GROUP', name='poti-user', ephemeral=true, revision=3}, originalSize=1, DataSize=1, target=192.168.189.1

2026-05-14 13:36:09,871 INFO [PUSH-SUCC] 24ms, all delay time 534ms, SLA 464ms, Service{namespace='public', group='DEFAULT_GROUP', name='poti-user', ephemeral=true, revision=3}, originalSize=1, DataSize=1, target=192.168.189.1

2026-05-14 13:36:09,888 INFO [PUSH-SUCC] 40ms, all delay time 551ms, SLA 481ms, Service{namespace='public', group='DEFAULT_GROUP', name='poti-user', ephemeral=true, revision=3}, originalSize=1, DataSize=1, target=192.168.189.1

2026-05-14 13:38:59,564 INFO [PUSH-SUCC] 20ms, all delay time 524ms, SLA 524ms, Service{namespace='public', group='DEFAULT_GROUP', name='poti-user', ephemeral=true, revision=4}, originalSize=0, DataSize=0, target=192.168.189.1

2026-05-14 13:38:59,566 INFO [PUSH-SUCC] 22ms, all delay time 526ms, SLA 526ms, Service{namespace='public', group='DEFAULT_GROUP', name='poti-user', ephemeral=true, revision=4}, originalSize=0, DataSize=0, target=192.168.189.1

2026-05-14 13:39:16,039 INFO [PUSH] Task merge for Service{namespace='public', group='DEFAULT_GROUP', name='poti-user', ephemeral=true, revision=5}

2026-05-14 13:39:16,492 INFO [PUSH-SUCC] 13ms, all delay time 523ms, SLA 453ms, Service{namespace='public', group='DEFAULT_GROUP', name='poti-user', ephemeral=true, revision=5}, originalSize=1, DataSize=1, target=192.168.189.1

2026-05-14 13:39:16,494 INFO [PUSH-SUCC] 16ms, all delay time 525ms, SLA 455ms, Service{namespace='public', group='DEFAULT_GROUP', name='poti-user', ephemeral=true, revision=5}, originalSize=1, DataSize=1, target=192.168.189.1

2026-05-14 13:39:16,507 INFO [PUSH-SUCC] 28ms, all delay time 538ms, SLA 468ms, Service{namespace='public', group='DEFAULT_GROUP', name='poti-user', ephemeral=true, revision=5}, originalSize=1, DataSize=1, target=192.168.189.1

2026-05-14 13:40:57,465 INFO [PUSH-SUCC] 13ms, all delay time 534ms, SLA 534ms, Service{namespace='public', group='DEFAULT_GROUP', name='poti-user', ephemeral=true, revision=6}, originalSize=0, DataSize=0, target=192.168.189.1

2026-05-14 13:40:57,471 INFO [PUSH-SUCC] 19ms, all delay time 540ms, SLA 540ms, Service{namespace='public', group='DEFAULT_GROUP', name='poti-user', ephemeral=true, revision=6}, originalSize=0, DataSize=0, target=192.168.189.1

2026-05-14 13:41:17,569 INFO [PUSH] Task merge for Service{namespace='public', group='DEFAULT_GROUP', name='poti-user', ephemeral=true, revision=7}

2026-05-14 13:41:18,035 INFO [PUSH-SUCC] 39ms, all delay time 559ms, SLA 466ms, Service{namespace='public', group='DEFAULT_GROUP', name='poti-user', ephemeral=true, revision=7}, originalSize=1, DataSize=1, target=192.168.189.1

2026-05-14 13:41:18,037 INFO [PUSH-SUCC] 41ms, all delay time 561ms, SLA 468ms, Service{namespace='public', group='DEFAULT_GROUP', name='poti-user', ephemeral=true, revision=7}, originalSize=1, DataSize=1, target=192.168.189.1

2026-05-14 13:41:18,067 INFO [PUSH-SUCC] 71ms, all delay time 591ms, SLA 498ms, Service{namespace='public', group='DEFAULT_GROUP', name='poti-user', ephemeral=true, revision=7}, originalSize=1, DataSize=1, target=192.168.189.1

2026-05-14 13:47:09,720 INFO [PUSH-SUCC] 17ms, all delay time 547ms, SLA 547ms, Service{namespace='public', group='DEFAULT_GROUP', name='poti-question', ephemeral=true, revision=2}, originalSize=0, DataSize=0, target=192.168.189.1

2026-05-14 13:47:09,721 INFO [PUSH-SUCC] 18ms, all delay time 548ms, SLA 548ms, Service{namespace='public', group='DEFAULT_GROUP', name='poti-question', ephemeral=true, revision=2}, originalSize=0, DataSize=0, target=192.168.189.1

2026-05-14 13:47:38,465 INFO [PUSH] Task merge for Service{namespace='public', group='DEFAULT_GROUP', name='poti-question', ephemeral=true, revision=3}

2026-05-14 13:47:38,995 INFO [PUSH-SUCC] 14ms, all delay time 604ms, SLA 531ms, Service{namespace='public', group='DEFAULT_GROUP', name='poti-question', ephemeral=true, revision=3}, originalSize=1, DataSize=1, target=192.168.189.1

2026-05-14 13:47:38,996 INFO [PUSH-SUCC] 15ms, all delay time 605ms, SLA 532ms, Service{namespace='public', group='DEFAULT_GROUP', name='poti-question', ephemeral=true, revision=3}, originalSize=1, DataSize=1, target=192.168.189.1

2026-05-14 13:47:39,012 INFO [PUSH-SUCC] 31ms, all delay time 621ms, SLA 548ms, Service{namespace='public', group='DEFAULT_GROUP', name='poti-question', ephemeral=true, revision=3}, originalSize=1, DataSize=1, target=192.168.189.1

2026-05-14 13:47:45,412 INFO [PUSH-SUCC] 16ms, all delay time 584ms, SLA 584ms, Service{namespace='public', group='DEFAULT_GROUP', name='poti-user', ephemeral=true, revision=8}, originalSize=0, DataSize=0, target=192.168.189.1

2026-05-14 13:47:45,414 INFO [PUSH-SUCC] 17ms, all delay time 585ms, SLA 585ms, Service{namespace='public', group='DEFAULT_GROUP', name='poti-user', ephemeral=true, revision=8}, originalSize=0, DataSize=0, target=192.168.189.1

2026-05-14 13:48:27,474 INFO [PUSH] Task merge for Service{namespace='public', group='DEFAULT_GROUP', name='poti-user', ephemeral=true, revision=9}

2026-05-14 13:48:27,933 INFO [PUSH-SUCC] 12ms, all delay time 530ms, SLA 459ms, Service{namespace='public', group='DEFAULT_GROUP', name='poti-user', ephemeral=true, revision=9}, originalSize=1, DataSize=1, target=192.168.189.1

2026-05-14 13:48:27,934 INFO [PUSH-SUCC] 13ms, all delay time 531ms, SLA 460ms, Service{namespace='public', group='DEFAULT_GROUP', name='poti-user', ephemeral=true, revision=9}, originalSize=1, DataSize=1, target=192.168.189.1

2026-05-14 13:48:27,960 INFO [PUSH-SUCC] 39ms, all delay time 557ms, SLA 486ms, Service{namespace='public', group='DEFAULT_GROUP', name='poti-user', ephemeral=true, revision=9}, originalSize=1, DataSize=1, target=192.168.189.1

2026-05-14 14:01:54,231 ERROR [PUSH-FAIL] 9ms, Service{namespace='public', group='DEFAULT_GROUP', name='poti-admin', ephemeral=true, revision=2}, reason=Stream is already completed, no further calls are allowed, target=192.168.189.1

2026-05-14 14:01:54,248 ERROR Reason detail: 

java.lang.IllegalStateException: Stream is already completed, no further calls are allowed
	at com.google.common.base.Preconditions.checkState(Preconditions.java:508)
	at io.grpc.stub.ServerCalls$ServerCallStreamObserverImpl.onNext(ServerCalls.java:346)
	at com.alibaba.nacos.core.remote.grpc.GrpcConnection.sendRequestNoAck(GrpcConnection.java:62)
	at com.alibaba.nacos.core.remote.grpc.GrpcConnection.sendRequestInner(GrpcConnection.java:94)
	at com.alibaba.nacos.core.remote.grpc.GrpcConnection.asyncRequest(GrpcConnection.java:117)
	at com.alibaba.nacos.core.remote.RpcPushService.pushWithCallback(RpcPushService.java:55)
	at com.alibaba.nacos.naming.push.v2.executor.PushExecutorRpcImpl.doPushWithCallback(PushExecutorRpcImpl.java:54)
	at com.alibaba.nacos.naming.push.v2.executor.PushExecutorDelegate.doPushWithCallback(PushExecutorDelegate.java:53)
	at com.alibaba.nacos.naming.push.v2.task.PushExecuteTask.run(PushExecuteTask.java:68)
	at com.alibaba.nacos.common.task.engine.TaskExecuteWorker$InnerWorker.run(TaskExecuteWorker.java:120)
2026-05-14 14:01:54,290 INFO [PUSH-SUCC] 32ms, all delay time 632ms, SLA 634ms, Service{namespace='public', group='DEFAULT_GROUP', name='poti-admin', ephemeral=true, revision=2}, originalSize=0, DataSize=0, target=192.168.189.1

2026-05-14 14:01:54,324 INFO [PUSH-SUCC] 12ms, all delay time 577ms, SLA 577ms, Service{namespace='public', group='DEFAULT_GROUP', name='poti-user', ephemeral=true, revision=10}, originalSize=0, DataSize=0, target=192.168.189.1

2026-05-14 14:01:54,332 INFO [PUSH-SUCC] 19ms, all delay time 553ms, SLA 553ms, Service{namespace='public', group='DEFAULT_GROUP', name='poti-question', ephemeral=true, revision=4}, originalSize=0, DataSize=0, target=192.168.189.1

2026-05-14 14:01:54,426 INFO [PUSH-SUCC] 10ms, all delay time 602ms, SLA 602ms, Service{namespace='public', group='DEFAULT_GROUP', name='poti-gateway', ephemeral=true, revision=2}, originalSize=0, DataSize=0, target=192.168.189.1

2026-05-14 14:01:54,628 INFO [PUSH-SUCC] 13ms, all delay time 540ms, SLA 541ms, Service{namespace='public', group='DEFAULT_GROUP', name='poti-favorite', ephemeral=true, revision=4}, originalSize=0, DataSize=0, target=192.168.189.1

2026-05-14 14:01:55,124 INFO [PUSH-SUCC] 11ms, all delay time 515ms, SLA 515ms, Service{namespace='public', group='DEFAULT_GROUP', name='poti-practice', ephemeral=true, revision=6}, originalSize=0, DataSize=0, target=192.168.189.1

2026-05-14 14:01:55,525 INFO [PUSH-SUCC] 8ms, all delay time 588ms, SLA 589ms, Service{namespace='public', group='DEFAULT_GROUP', name='poti-auth', ephemeral=true, revision=2}, originalSize=0, DataSize=0, target=192.168.189.1

2026-05-14 14:01:55,627 INFO [PUSH-SUCC] 11ms, all delay time 593ms, SLA 593ms, Service{namespace='public', group='DEFAULT_GROUP', name='poti-search', ephemeral=true, revision=2}, originalSize=0, DataSize=0, target=192.168.189.1

2026-05-14 14:01:55,633 INFO [PUSH-SUCC] 17ms, all delay time 617ms, SLA 617ms, Service{namespace='public', group='DEFAULT_GROUP', name='poti-wrongbook', ephemeral=true, revision=2}, originalSize=0, DataSize=0, target=192.168.189.1

2026-05-14 14:01:55,648 INFO [PUSH-SUCC] 31ms, all delay time 579ms, SLA 579ms, Service{namespace='public', group='DEFAULT_GROUP', name='poti-interview', ephemeral=true, revision=2}, originalSize=0, DataSize=0, target=192.168.189.1

2026-05-14 14:01:59,224 ERROR [PUSH-FAIL] 5002ms, Service{namespace='public', group='DEFAULT_GROUP', name='poti-admin', ephemeral=true, revision=2}, reason=Timeout After 5000 milliseconds,requestId =195, target=192.168.189.1

2026-05-14 14:01:59,227 ERROR Reason detail: 

java.util.concurrent.TimeoutException: Timeout After 5000 milliseconds,requestId =195
	at com.alibaba.nacos.api.remote.DefaultRequestFuture$TimeoutHandler.run(DefaultRequestFuture.java:194)
	at java.util.concurrent.Executors$RunnableAdapter.call(Executors.java:511)
	at java.util.concurrent.FutureTask.run(FutureTask.java:266)
	at java.util.concurrent.ScheduledThreadPoolExecutor$ScheduledFutureTask.access$201(ScheduledThreadPoolExecutor.java:180)
	at java.util.concurrent.ScheduledThreadPoolExecutor$ScheduledFutureTask.run(ScheduledThreadPoolExecutor.java:293)
	at java.util.concurrent.ThreadPoolExecutor.runWorker(ThreadPoolExecutor.java:1149)
	at java.util.concurrent.ThreadPoolExecutor$Worker.run(ThreadPoolExecutor.java:624)
	at java.lang.Thread.run(Thread.java:750)
2026-05-14 19:39:28,723 INFO [PUSH-SUCC] 39ms, all delay time 626ms for subscriber 192.168.189.1, Service{namespace='public', group='DEFAULT_GROUP', name='poti-gateway', ephemeral=true, revision=0}, originalSize=0, DataSize=0

2026-05-14 19:39:32,476 INFO [PUSH-SUCC] 187ms, all delay time 730ms, SLA 731ms, Service{namespace='public', group='DEFAULT_GROUP', name='poti-gateway', ephemeral=true, revision=1}, originalSize=1, DataSize=1, target=192.168.189.1

2026-05-14 19:40:02,678 INFO [PUSH] Task merge for Service{namespace='public', group='DEFAULT_GROUP', name='poti-admin', ephemeral=true, revision=1}

2026-05-14 19:40:03,211 INFO [PUSH-SUCC] 49ms, all delay time 632ms, SLA 533ms, Service{namespace='public', group='DEFAULT_GROUP', name='poti-admin', ephemeral=true, revision=1}, originalSize=1, DataSize=1, target=192.168.189.1

2026-05-14 19:40:25,614 INFO [PUSH] Task merge for Service{namespace='public', group='DEFAULT_GROUP', name='poti-auth', ephemeral=true, revision=1}

2026-05-14 19:40:26,164 INFO [PUSH-SUCC] 37ms, all delay time 622ms, SLA 550ms, Service{namespace='public', group='DEFAULT_GROUP', name='poti-auth', ephemeral=true, revision=1}, originalSize=1, DataSize=1, target=192.168.189.1

2026-05-14 19:40:28,813 INFO [PUSH-SUCC] 26ms, all delay time 526ms for subscriber 192.168.189.1, Service{namespace='public', group='DEFAULT_GROUP', name='poti-auth', ephemeral=true, revision=1}, originalSize=1, DataSize=1

2026-05-14 19:40:28,907 INFO [PUSH-SUCC] 19ms, all delay time 619ms for subscriber 192.168.189.1, Service{namespace='public', group='DEFAULT_GROUP', name='poti-admin', ephemeral=true, revision=1}, originalSize=1, DataSize=1

2026-05-14 19:40:53,561 INFO [PUSH] Task merge for Service{namespace='public', group='DEFAULT_GROUP', name='poti-favorite', ephemeral=true, revision=1}

2026-05-14 19:40:54,137 INFO [PUSH-SUCC] 57ms, all delay time 640ms, SLA 576ms, Service{namespace='public', group='DEFAULT_GROUP', name='poti-favorite', ephemeral=true, revision=1}, originalSize=1, DataSize=1, target=192.168.189.1

2026-05-14 19:40:58,902 INFO [PUSH-SUCC] 15ms, all delay time 602ms for subscriber 192.168.189.1, Service{namespace='public', group='DEFAULT_GROUP', name='poti-favorite', ephemeral=true, revision=1}, originalSize=1, DataSize=1

2026-05-14 19:50:34,921 INFO [PUSH] Task merge for Service{namespace='public', group='DEFAULT_GROUP', name='poti-favorite', ephemeral=true, revision=3}

2026-05-14 19:50:34,931 INFO [PUSH] Task merge for Service{namespace='public', group='DEFAULT_GROUP', name='poti-favorite', ephemeral=true, revision=3}

2026-05-14 19:51:17,856 INFO [PUSH-SUCC] 311ms, all delay time 42973ms, SLA 42935ms, Service{namespace='public', group='DEFAULT_GROUP', name='poti-favorite', ephemeral=true, revision=3}, originalSize=1, DataSize=1, target=192.168.189.1

2026-05-14 19:51:17,861 INFO [PUSH-SUCC] 330ms, all delay time 42978ms, SLA 42940ms, Service{namespace='public', group='DEFAULT_GROUP', name='poti-favorite', ephemeral=true, revision=3}, originalSize=1, DataSize=1, target=192.168.189.1

2026-05-14 19:51:44,232 INFO [PUSH] Task merge for Service{namespace='public', group='DEFAULT_GROUP', name='poti-interview', ephemeral=true, revision=1}

2026-05-14 19:51:44,755 INFO [PUSH-SUCC] 36ms, all delay time 633ms, SLA 523ms, Service{namespace='public', group='DEFAULT_GROUP', name='poti-interview', ephemeral=true, revision=1}, originalSize=1, DataSize=1, target=192.168.189.1

2026-05-14 19:52:06,392 INFO [PUSH-SUCC] 14ms, all delay time 546ms for subscriber 192.168.189.1, Service{namespace='public', group='DEFAULT_GROUP', name='poti-interview', ephemeral=true, revision=1}, originalSize=1, DataSize=1

2026-05-14 19:52:18,444 INFO [PUSH-SUCC] 37ms, all delay time 606ms for subscriber 192.168.189.1, Service{namespace='public', group='DEFAULT_GROUP', name='poti-monitor', ephemeral=true, revision=0}, originalSize=0, DataSize=0

2026-05-14 19:52:18,464 INFO [PUSH-SUCC] 56ms, all delay time 567ms for subscriber 192.168.189.1, Service{namespace='public', group='DEFAULT_GROUP', name='poti-gateway', ephemeral=true, revision=1}, originalSize=1, DataSize=1

2026-05-14 19:52:18,835 INFO [PUSH-SUCC] 27ms, all delay time 583ms for subscriber 192.168.189.1, Service{namespace='public', group='DEFAULT_GROUP', name='poti-auth', ephemeral=true, revision=1}, originalSize=1, DataSize=1

2026-05-14 19:52:18,868 INFO [PUSH-SUCC] 60ms, all delay time 602ms for subscriber 192.168.189.1, Service{namespace='public', group='DEFAULT_GROUP', name='poti-interview', ephemeral=true, revision=1}, originalSize=1, DataSize=1

2026-05-14 19:52:18,883 INFO [PUSH-SUCC] 74ms, all delay time 603ms for subscriber 192.168.189.1, Service{namespace='public', group='DEFAULT_GROUP', name='poti-admin', ephemeral=true, revision=1}, originalSize=1, DataSize=1

2026-05-14 19:52:18,895 INFO [PUSH-SUCC] 87ms, all delay time 657ms for subscriber 192.168.189.1, Service{namespace='public', group='DEFAULT_GROUP', name='poti-favorite', ephemeral=true, revision=3}, originalSize=1, DataSize=1

2026-05-14 19:52:20,129 INFO [PUSH-SUCC] 18ms, all delay time 574ms, SLA 574ms, Service{namespace='public', group='DEFAULT_GROUP', name='poti-monitor', ephemeral=true, revision=1}, originalSize=1, DataSize=1, target=192.168.189.1

2026-05-14 19:52:36,471 INFO [PUSH-SUCC] 10ms, all delay time 609ms for subscriber 192.168.189.1, Service{namespace='public', group='DEFAULT_GROUP', name='poti-monitor', ephemeral=true, revision=1}, originalSize=1, DataSize=1

2026-05-14 19:53:03,584 INFO [PUSH] Task merge for Service{namespace='public', group='DEFAULT_GROUP', name='poti-practice', ephemeral=true, revision=1}

2026-05-14 19:53:04,076 INFO [PUSH-SUCC] 42ms, all delay time 560ms, SLA 492ms, Service{namespace='public', group='DEFAULT_GROUP', name='poti-practice', ephemeral=true, revision=1}, originalSize=1, DataSize=1, target=192.168.189.1

2026-05-14 19:53:06,447 INFO [PUSH-SUCC] 8ms, all delay time 588ms for subscriber 192.168.189.1, Service{namespace='public', group='DEFAULT_GROUP', name='poti-practice', ephemeral=true, revision=1}, originalSize=1, DataSize=1

2026-05-14 19:53:18,902 INFO [PUSH-SUCC] 22ms, all delay time 554ms for subscriber 192.168.189.1, Service{namespace='public', group='DEFAULT_GROUP', name='poti-practice', ephemeral=true, revision=1}, originalSize=1, DataSize=1

2026-05-14 19:53:58,700 INFO [PUSH] Task merge for Service{namespace='public', group='DEFAULT_GROUP', name='poti-question', ephemeral=true, revision=1}

2026-05-14 19:53:59,132 INFO [PUSH-SUCC] 33ms, all delay time 544ms, SLA 432ms, Service{namespace='public', group='DEFAULT_GROUP', name='poti-question', ephemeral=true, revision=1}, originalSize=1, DataSize=1, target=192.168.189.1

2026-05-14 19:54:06,429 INFO [PUSH-SUCC] 10ms, all delay time 539ms for subscriber 192.168.189.1, Service{namespace='public', group='DEFAULT_GROUP', name='poti-question', ephemeral=true, revision=1}, originalSize=1, DataSize=1

2026-05-14 19:54:18,967 INFO [PUSH-SUCC] 15ms, all delay time 553ms for subscriber 192.168.189.1, Service{namespace='public', group='DEFAULT_GROUP', name='poti-question', ephemeral=true, revision=1}, originalSize=1, DataSize=1

2026-05-14 19:54:57,850 INFO [PUSH] Task merge for Service{namespace='public', group='DEFAULT_GROUP', name='poti-search', ephemeral=true, revision=1}

2026-05-14 19:54:58,301 INFO [PUSH-SUCC] 39ms, all delay time 548ms, SLA 451ms, Service{namespace='public', group='DEFAULT_GROUP', name='poti-search', ephemeral=true, revision=1}, originalSize=1, DataSize=1, target=192.168.189.1

2026-05-14 19:55:06,488 INFO [PUSH-SUCC] 5ms, all delay time 580ms for subscriber 192.168.189.1, Service{namespace='public', group='DEFAULT_GROUP', name='poti-search', ephemeral=true, revision=1}, originalSize=1, DataSize=1

2026-05-14 19:55:19,026 INFO [PUSH-SUCC] 15ms, all delay time 522ms for subscriber 192.168.189.1, Service{namespace='public', group='DEFAULT_GROUP', name='poti-search', ephemeral=true, revision=1}, originalSize=1, DataSize=1

2026-05-14 19:55:26,741 INFO [PUSH] Task merge for Service{namespace='public', group='DEFAULT_GROUP', name='poti-wrongbook', ephemeral=true, revision=1}

2026-05-14 19:55:27,312 INFO [PUSH-SUCC] 77ms, all delay time 642ms, SLA 571ms, Service{namespace='public', group='DEFAULT_GROUP', name='poti-wrongbook', ephemeral=true, revision=1}, originalSize=1, DataSize=1, target=192.168.189.1

2026-05-14 19:55:36,484 INFO [PUSH-SUCC] 19ms, all delay time 570ms for subscriber 192.168.189.1, Service{namespace='public', group='DEFAULT_GROUP', name='poti-wrongbook', ephemeral=true, revision=1}, originalSize=1, DataSize=1

2026-05-14 19:55:49,113 INFO [PUSH-SUCC] 13ms, all delay time 572ms for subscriber 192.168.189.1, Service{namespace='public', group='DEFAULT_GROUP', name='poti-wrongbook', ephemeral=true, revision=1}, originalSize=1, DataSize=1

2026-05-14 19:56:35,179 INFO [PUSH] Task merge for Service{namespace='public', group='DEFAULT_GROUP', name='poti-user', ephemeral=true, revision=1}

2026-05-14 19:56:35,664 INFO [PUSH-SUCC] 45ms, all delay time 568ms, SLA 485ms, Service{namespace='public', group='DEFAULT_GROUP', name='poti-user', ephemeral=true, revision=1}, originalSize=1, DataSize=1, target=192.168.189.1

2026-05-14 19:56:36,531 INFO [PUSH-SUCC] 10ms, all delay time 583ms for subscriber 192.168.189.1, Service{namespace='public', group='DEFAULT_GROUP', name='poti-user', ephemeral=true, revision=1}, originalSize=1, DataSize=1

2026-05-14 19:56:49,179 INFO [PUSH-SUCC] 27ms, all delay time 557ms for subscriber 192.168.189.1, Service{namespace='public', group='DEFAULT_GROUP', name='poti-user', ephemeral=true, revision=1}, originalSize=1, DataSize=1

2026-05-14 19:58:40,091 INFO [PUSH-SUCC] 33ms, all delay time 544ms for subscriber 192.168.189.1, Service{namespace='public', group='DEFAULT_GROUP', name='poti-practice', ephemeral=true, revision=1}, originalSize=1, DataSize=1

2026-05-14 19:58:40,786 INFO [PUSH-SUCC] 24ms, all delay time 618ms for subscriber 192.168.189.1, Service{namespace='public', group='DEFAULT_GROUP', name='poti-favorite', ephemeral=true, revision=3}, originalSize=1, DataSize=1

2026-05-14 19:58:41,568 INFO [PUSH-SUCC] 7ms, all delay time 516ms for subscriber 192.168.189.1, Service{namespace='public', group='DEFAULT_GROUP', name='poti-wrongbook', ephemeral=true, revision=1}, originalSize=1, DataSize=1

2026-05-14 21:07:47,727 INFO [PUSH-SUCC] 197ms, all delay time 791ms, SLA 794ms, Service{namespace='public', group='DEFAULT_GROUP', name='poti-gateway', ephemeral=true, revision=2}, originalSize=0, DataSize=0, target=192.168.189.1

2026-05-14 21:07:48,148 ERROR [PUSH-FAIL] 3ms, Service{namespace='public', group='DEFAULT_GROUP', name='poti-practice', ephemeral=true, revision=2}, reason=Stream is already completed, no further calls are allowed, target=192.168.189.1

2026-05-14 21:07:48,150 INFO [PUSH-SUCC] 18ms, all delay time 535ms, SLA 535ms, Service{namespace='public', group='DEFAULT_GROUP', name='poti-practice', ephemeral=true, revision=2}, originalSize=0, DataSize=0, target=192.168.189.1

2026-05-14 21:07:48,154 ERROR Reason detail: 

java.lang.IllegalStateException: Stream is already completed, no further calls are allowed
	at com.google.common.base.Preconditions.checkState(Preconditions.java:508)
	at io.grpc.stub.ServerCalls$ServerCallStreamObserverImpl.onNext(ServerCalls.java:346)
	at com.alibaba.nacos.core.remote.grpc.GrpcConnection.sendRequestNoAck(GrpcConnection.java:62)
	at com.alibaba.nacos.core.remote.grpc.GrpcConnection.sendRequestInner(GrpcConnection.java:94)
	at com.alibaba.nacos.core.remote.grpc.GrpcConnection.asyncRequest(GrpcConnection.java:117)
	at com.alibaba.nacos.core.remote.RpcPushService.pushWithCallback(RpcPushService.java:55)
	at com.alibaba.nacos.naming.push.v2.executor.PushExecutorRpcImpl.doPushWithCallback(PushExecutorRpcImpl.java:54)
	at com.alibaba.nacos.naming.push.v2.executor.PushExecutorDelegate.doPushWithCallback(PushExecutorDelegate.java:53)
	at com.alibaba.nacos.naming.push.v2.task.PushExecuteTask.run(PushExecuteTask.java:68)
	at com.alibaba.nacos.common.task.engine.TaskExecuteWorker$InnerWorker.run(TaskExecuteWorker.java:120)
2026-05-14 21:07:48,164 INFO [PUSH-SUCC] 18ms, all delay time 592ms, SLA 592ms, Service{namespace='public', group='DEFAULT_GROUP', name='poti-wrongbook', ephemeral=true, revision=2}, originalSize=0, DataSize=0, target=192.168.189.1

2026-05-14 21:07:48,285 INFO [PUSH-SUCC] 137ms, all delay time 697ms, SLA 697ms, Service{namespace='public', group='DEFAULT_GROUP', name='poti-search', ephemeral=true, revision=2}, originalSize=0, DataSize=0, target=192.168.189.1

2026-05-14 21:07:48,288 INFO [PUSH-SUCC] 49ms, all delay time 620ms, SLA 621ms, Service{namespace='public', group='DEFAULT_GROUP', name='poti-favorite', ephemeral=true, revision=4}, originalSize=0, DataSize=0, target=192.168.189.1

2026-05-14 21:07:48,327 INFO [PUSH-SUCC] 195ms, all delay time 712ms, SLA 712ms, Service{namespace='public', group='DEFAULT_GROUP', name='poti-practice', ephemeral=true, revision=2}, originalSize=0, DataSize=0, target=192.168.189.1

2026-05-14 21:07:48,332 INFO [PUSH-SUCC] 185ms, all delay time 760ms, SLA 760ms, Service{namespace='public', group='DEFAULT_GROUP', name='poti-wrongbook', ephemeral=true, revision=2}, originalSize=0, DataSize=0, target=192.168.189.1

2026-05-14 21:07:48,338 INFO [PUSH-SUCC] 100ms, all delay time 671ms, SLA 672ms, Service{namespace='public', group='DEFAULT_GROUP', name='poti-favorite', ephemeral=true, revision=4}, originalSize=0, DataSize=0, target=192.168.189.1

2026-05-14 21:07:48,749 INFO [PUSH-SUCC] 12ms, all delay time 568ms, SLA 569ms, Service{namespace='public', group='DEFAULT_GROUP', name='poti-question', ephemeral=true, revision=2}, originalSize=0, DataSize=0, target=192.168.189.1

2026-05-14 21:07:48,755 INFO [PUSH-SUCC] 14ms, all delay time 580ms, SLA 580ms, Service{namespace='public', group='DEFAULT_GROUP', name='poti-admin', ephemeral=true, revision=2}, originalSize=0, DataSize=0, target=192.168.189.1

2026-05-14 21:07:48,953 INFO [PUSH-SUCC] 15ms, all delay time 555ms, SLA 555ms, Service{namespace='public', group='DEFAULT_GROUP', name='poti-auth', ephemeral=true, revision=2}, originalSize=0, DataSize=0, target=192.168.189.1

2026-05-14 21:07:48,958 INFO [PUSH-SUCC] 20ms, all delay time 594ms, SLA 594ms, Service{namespace='public', group='DEFAULT_GROUP', name='poti-user', ephemeral=true, revision=2}, originalSize=0, DataSize=0, target=192.168.189.1

2026-05-14 21:07:49,054 INFO [PUSH-SUCC] 14ms, all delay time 553ms, SLA 553ms, Service{namespace='public', group='DEFAULT_GROUP', name='poti-interview', ephemeral=true, revision=2}, originalSize=0, DataSize=0, target=192.168.189.1

2026-05-14 21:07:53,151 ERROR [PUSH-FAIL] 5006ms, Service{namespace='public', group='DEFAULT_GROUP', name='poti-practice', ephemeral=true, revision=2}, reason=Timeout After 5000 milliseconds,requestId =247, target=192.168.189.1

2026-05-14 21:07:53,153 ERROR Reason detail: 

java.util.concurrent.TimeoutException: Timeout After 5000 milliseconds,requestId =247
	at com.alibaba.nacos.api.remote.DefaultRequestFuture$TimeoutHandler.run(DefaultRequestFuture.java:194)
	at java.util.concurrent.Executors$RunnableAdapter.call(Executors.java:511)
	at java.util.concurrent.FutureTask.run(FutureTask.java:266)
	at java.util.concurrent.ScheduledThreadPoolExecutor$ScheduledFutureTask.access$201(ScheduledThreadPoolExecutor.java:180)
	at java.util.concurrent.ScheduledThreadPoolExecutor$ScheduledFutureTask.run(ScheduledThreadPoolExecutor.java:293)
	at java.util.concurrent.ThreadPoolExecutor.runWorker(ThreadPoolExecutor.java:1149)
	at java.util.concurrent.ThreadPoolExecutor$Worker.run(ThreadPoolExecutor.java:624)
	at java.lang.Thread.run(Thread.java:750)
2026-05-14 22:48:47,831 INFO [PUSH-SUCC] 219ms, all delay time 798ms for subscriber 192.168.189.1, Service{namespace='public', group='DEFAULT_GROUP', name='poti-user', ephemeral=true, revision=0}, originalSize=0, DataSize=0

