2026-05-28 21:15:56,618 INFO Initializes the Raft protocol, raft-config info : {}

2026-05-28 21:15:57,401 INFO ========= The raft protocol is starting... =========

2026-05-28 21:15:57,512 INFO ========= The raft protocol start finished... =========

2026-05-28 21:15:57,642 INFO create raft group : naming_persistent_service_v2

2026-05-28 21:15:59,346 INFO create raft group : naming_instance_metadata

2026-05-28 21:15:59,351 INFO This Raft event changes : RaftEvent{groupId='naming_persistent_service_v2', leader='172.18.0.4:7848', term=3, raftClusterInfo=[172.18.0.4:7848]}

2026-05-28 21:15:59,734 INFO create raft group : naming_service_metadata

2026-05-28 21:15:59,781 INFO This Raft event changes : RaftEvent{groupId='naming_instance_metadata', leader='172.18.0.4:7848', term=3, raftClusterInfo=[172.18.0.4:7848]}

2026-05-28 21:16:01,269 ERROR Failed to join the cluster, retry...

java.lang.IllegalStateException: Fail to get leader of group naming_instance_metadata
	at com.alipay.sofa.jraft.core.CliServiceImpl.getPeers(CliServiceImpl.java:631)
	at com.alipay.sofa.jraft.core.CliServiceImpl.getPeers(CliServiceImpl.java:524)
	at com.alibaba.nacos.core.distributed.raft.JRaftServer.registerSelfToCluster(JRaftServer.java:353)
	at com.alibaba.nacos.core.distributed.raft.JRaftServer.lambda$createMultiRaftGroup$0(JRaftServer.java:264)
	at java.util.concurrent.Executors$RunnableAdapter.call(Executors.java:511)
	at java.util.concurrent.FutureTask.run(FutureTask.java:266)
	at java.util.concurrent.ScheduledThreadPoolExecutor$ScheduledFutureTask.access$201(ScheduledThreadPoolExecutor.java:180)
	at java.util.concurrent.ScheduledThreadPoolExecutor$ScheduledFutureTask.run(ScheduledThreadPoolExecutor.java:293)
	at java.util.concurrent.ThreadPoolExecutor.runWorker(ThreadPoolExecutor.java:1149)
	at java.util.concurrent.ThreadPoolExecutor$Worker.run(ThreadPoolExecutor.java:624)
	at java.lang.Thread.run(Thread.java:750)
2026-05-28 21:16:01,269 ERROR Failed to join the cluster, retry...

java.lang.IllegalStateException: Fail to get leader of group naming_persistent_service_v2
	at com.alipay.sofa.jraft.core.CliServiceImpl.getPeers(CliServiceImpl.java:631)
	at com.alipay.sofa.jraft.core.CliServiceImpl.getPeers(CliServiceImpl.java:524)
	at com.alibaba.nacos.core.distributed.raft.JRaftServer.registerSelfToCluster(JRaftServer.java:353)
	at com.alibaba.nacos.core.distributed.raft.JRaftServer.lambda$createMultiRaftGroup$0(JRaftServer.java:264)
	at java.util.concurrent.Executors$RunnableAdapter.call(Executors.java:511)
	at java.util.concurrent.FutureTask.run(FutureTask.java:266)
	at java.util.concurrent.ScheduledThreadPoolExecutor$ScheduledFutureTask.access$201(ScheduledThreadPoolExecutor.java:180)
	at java.util.concurrent.ScheduledThreadPoolExecutor$ScheduledFutureTask.run(ScheduledThreadPoolExecutor.java:293)
	at java.util.concurrent.ThreadPoolExecutor.runWorker(ThreadPoolExecutor.java:1149)
	at java.util.concurrent.ThreadPoolExecutor$Worker.run(ThreadPoolExecutor.java:624)
	at java.lang.Thread.run(Thread.java:750)
2026-05-28 21:16:01,595 INFO This Raft event changes : RaftEvent{groupId='naming_service_metadata', leader='null', term=null, raftClusterInfo=[172.18.0.4:7848]}

2026-05-28 21:16:01,666 INFO This Raft event changes : RaftEvent{groupId='naming_service_metadata', leader='172.18.0.4:7848', term=3, raftClusterInfo=[172.18.0.4:7848]}

2026-05-28 21:16:57,408 INFO shutdown jraft server

2026-05-28 21:16:57,429 INFO ========= The raft protocol is starting to close =========

2026-05-28 21:16:57,859 INFO ========= The raft protocol has been closed =========

